Component: ARM Compiler 5.05 update 1 (build 106) Tool: armlink [4d0efa]

==============================================================================

Section Cross References

    startup_stm32f40_41xxx.o(RESET) refers to startup_stm32f40_41xxx.o(STACK) for __initial_sp
    startup_stm32f40_41xxx.o(RESET) refers to startup_stm32f40_41xxx.o(.text) for Reset_Handler
    startup_stm32f40_41xxx.o(RESET) refers to systick.o(i.SysTick_Handler) for SysTick_Handler
    startup_stm32f40_41xxx.o(RESET) refers to interrupt.o(i.EXTI9_5_IRQHandler) for EXTI9_5_IRQHandler
    startup_stm32f40_41xxx.o(RESET) refers to timer.o(i.TIM4_IRQHandler) for TIM4_IRQHandler
    startup_stm32f40_41xxx.o(RESET) refers to my_usasrt.o(i.USART1_IRQHandler) for USART1_IRQHandler
    startup_stm32f40_41xxx.o(RESET) refers to my_usasrt.o(i.USART2_IRQHandler) for USART2_IRQHandler
    startup_stm32f40_41xxx.o(.text) refers to system_stm32f4xx.o(i.SystemInit) for SystemInit
    startup_stm32f40_41xxx.o(.text) refers to entry.o(.ARM.Collect$$$$00000000) for __main
    stm32f4xx_adc.o(i.ADC_DeInit) refers to stm32f4xx_rcc.o(i.RCC_APB2PeriphResetCmd) for RCC_APB2PeriphResetCmd
    stm32f4xx_can.o(i.CAN_DeInit) refers to stm32f4xx_rcc.o(i.RCC_APB1PeriphResetCmd) for RCC_APB1PeriphResetCmd
    stm32f4xx_can.o(i.CAN_GetITStatus) refers to stm32f4xx_can.o(i.CheckITStatus) for CheckITStatus
    stm32f4xx_cryp.o(i.CRYP_DeInit) refers to stm32f4xx_rcc.o(i.RCC_AHB2PeriphResetCmd) for RCC_AHB2PeriphResetCmd
    stm32f4xx_cryp_aes.o(i.CRYP_AES_CBC) refers to stm32f4xx_cryp.o(i.CRYP_KeyStructInit) for CRYP_KeyStructInit
    stm32f4xx_cryp_aes.o(i.CRYP_AES_CBC) refers to stm32f4xx_cryp.o(i.CRYP_FIFOFlush) for CRYP_FIFOFlush
    stm32f4xx_cryp_aes.o(i.CRYP_AES_CBC) refers to stm32f4xx_cryp.o(i.CRYP_Init) for CRYP_Init
    stm32f4xx_cryp_aes.o(i.CRYP_AES_CBC) refers to stm32f4xx_cryp.o(i.CRYP_KeyInit) for CRYP_KeyInit
    stm32f4xx_cryp_aes.o(i.CRYP_AES_CBC) refers to stm32f4xx_cryp.o(i.CRYP_Cmd) for CRYP_Cmd
    stm32f4xx_cryp_aes.o(i.CRYP_AES_CBC) refers to stm32f4xx_cryp.o(i.CRYP_GetFlagStatus) for CRYP_GetFlagStatus
    stm32f4xx_cryp_aes.o(i.CRYP_AES_CBC) refers to stm32f4xx_cryp.o(i.CRYP_IVInit) for CRYP_IVInit
    stm32f4xx_cryp_aes.o(i.CRYP_AES_CBC) refers to stm32f4xx_cryp.o(i.CRYP_GetCmdStatus) for CRYP_GetCmdStatus
    stm32f4xx_cryp_aes.o(i.CRYP_AES_CBC) refers to stm32f4xx_cryp.o(i.CRYP_DataIn) for CRYP_DataIn
    stm32f4xx_cryp_aes.o(i.CRYP_AES_CBC) refers to stm32f4xx_cryp.o(i.CRYP_DataOut) for CRYP_DataOut
    stm32f4xx_cryp_aes.o(i.CRYP_AES_CCM) refers to stm32f4xx_cryp.o(i.CRYP_KeyStructInit) for CRYP_KeyStructInit
    stm32f4xx_cryp_aes.o(i.CRYP_AES_CCM) refers to stm32f4xx_cryp.o(i.CRYP_FIFOFlush) for CRYP_FIFOFlush
    stm32f4xx_cryp_aes.o(i.CRYP_AES_CCM) refers to stm32f4xx_cryp.o(i.CRYP_KeyInit) for CRYP_KeyInit
    stm32f4xx_cryp_aes.o(i.CRYP_AES_CCM) refers to stm32f4xx_cryp.o(i.CRYP_IVInit) for CRYP_IVInit
    stm32f4xx_cryp_aes.o(i.CRYP_AES_CCM) refers to stm32f4xx_cryp.o(i.CRYP_Init) for CRYP_Init
    stm32f4xx_cryp_aes.o(i.CRYP_AES_CCM) refers to stm32f4xx_cryp.o(i.CRYP_PhaseConfig) for CRYP_PhaseConfig
    stm32f4xx_cryp_aes.o(i.CRYP_AES_CCM) refers to stm32f4xx_cryp.o(i.CRYP_DataIn) for CRYP_DataIn
    stm32f4xx_cryp_aes.o(i.CRYP_AES_CCM) refers to stm32f4xx_cryp.o(i.CRYP_Cmd) for CRYP_Cmd
    stm32f4xx_cryp_aes.o(i.CRYP_AES_CCM) refers to stm32f4xx_cryp.o(i.CRYP_GetCmdStatus) for CRYP_GetCmdStatus
    stm32f4xx_cryp_aes.o(i.CRYP_AES_CCM) refers to stm32f4xx_cryp.o(i.CRYP_GetFlagStatus) for CRYP_GetFlagStatus
    stm32f4xx_cryp_aes.o(i.CRYP_AES_CCM) refers to stm32f4xx_cryp.o(i.CRYP_DataOut) for CRYP_DataOut
    stm32f4xx_cryp_aes.o(i.CRYP_AES_CTR) refers to stm32f4xx_cryp.o(i.CRYP_KeyStructInit) for CRYP_KeyStructInit
    stm32f4xx_cryp_aes.o(i.CRYP_AES_CTR) refers to stm32f4xx_cryp.o(i.CRYP_KeyInit) for CRYP_KeyInit
    stm32f4xx_cryp_aes.o(i.CRYP_AES_CTR) refers to stm32f4xx_cryp.o(i.CRYP_Init) for CRYP_Init
    stm32f4xx_cryp_aes.o(i.CRYP_AES_CTR) refers to stm32f4xx_cryp.o(i.CRYP_IVInit) for CRYP_IVInit
    stm32f4xx_cryp_aes.o(i.CRYP_AES_CTR) refers to stm32f4xx_cryp.o(i.CRYP_FIFOFlush) for CRYP_FIFOFlush
    stm32f4xx_cryp_aes.o(i.CRYP_AES_CTR) refers to stm32f4xx_cryp.o(i.CRYP_Cmd) for CRYP_Cmd
    stm32f4xx_cryp_aes.o(i.CRYP_AES_CTR) refers to stm32f4xx_cryp.o(i.CRYP_GetCmdStatus) for CRYP_GetCmdStatus
    stm32f4xx_cryp_aes.o(i.CRYP_AES_CTR) refers to stm32f4xx_cryp.o(i.CRYP_DataIn) for CRYP_DataIn
    stm32f4xx_cryp_aes.o(i.CRYP_AES_CTR) refers to stm32f4xx_cryp.o(i.CRYP_GetFlagStatus) for CRYP_GetFlagStatus
    stm32f4xx_cryp_aes.o(i.CRYP_AES_CTR) refers to stm32f4xx_cryp.o(i.CRYP_DataOut) for CRYP_DataOut
    stm32f4xx_cryp_aes.o(i.CRYP_AES_ECB) refers to stm32f4xx_cryp.o(i.CRYP_KeyStructInit) for CRYP_KeyStructInit
    stm32f4xx_cryp_aes.o(i.CRYP_AES_ECB) refers to stm32f4xx_cryp.o(i.CRYP_FIFOFlush) for CRYP_FIFOFlush
[...]
    Removing stm32f4xx_spi.o(.rev16_text), (4 bytes).
    Removing stm32f4xx_spi.o(.revsh_text), (4 bytes).
    Removing stm32f4xx_spi.o(i.I2S_Cmd), (24 bytes).
    Removing stm32f4xx_spi.o(i.I2S_FullDuplexConfig), (80 bytes).
    Removing stm32f4xx_spi.o(i.I2S_Init), (408 bytes).
    Removing stm32f4xx_spi.o(i.I2S_StructInit), (20 bytes).
    Removing stm32f4xx_spi.o(i.SPI_BiDirectionalLineConfig), (28 bytes).
    Removing stm32f4xx_spi.o(i.SPI_CalculateCRC), (24 bytes).
    Removing stm32f4xx_spi.o(i.SPI_Cmd), (24 bytes).
    Removing stm32f4xx_spi.o(i.SPI_DataSizeConfig), (18 bytes).
    Removing stm32f4xx_spi.o(i.SPI_GetCRC), (16 bytes).
    Removing stm32f4xx_spi.o(i.SPI_GetCRCPolynomial), (6 bytes).
    Removing stm32f4xx_spi.o(i.SPI_I2S_ClearFlag), (6 bytes).
    Removing stm32f4xx_spi.o(i.SPI_I2S_ClearITPendingBit), (20 bytes).
    Removing stm32f4xx_spi.o(i.SPI_I2S_DMACmd), (18 bytes).
    Removing stm32f4xx_spi.o(i.SPI_I2S_DeInit), (176 bytes).
    Removing stm32f4xx_spi.o(i.SPI_I2S_GetFlagStatus), (18 bytes).
    Removing stm32f4xx_spi.o(i.SPI_I2S_GetITStatus), (52 bytes).
    Removing stm32f4xx_spi.o(i.SPI_I2S_ITConfig), (32 bytes).
    Removing stm32f4xx_spi.o(i.SPI_I2S_ReceiveData), (6 bytes).
    Removing stm32f4xx_spi.o(i.SPI_I2S_SendData), (4 bytes).
    Removing stm32f4xx_spi.o(i.SPI_Init), (60 bytes).
    Removing stm32f4xx_spi.o(i.SPI_NSSInternalSoftwareConfig), (30 bytes).
    Removing stm32f4xx_spi.o(i.SPI_SSOutputCmd), (24 bytes).
    Removing stm32f4xx_spi.o(i.SPI_StructInit), (24 bytes).
    Removing stm32f4xx_spi.o(i.SPI_TIModeCmd), (24 bytes).
    Removing stm32f4xx_spi.o(i.SPI_TransmitCRC), (10 bytes).
    Removing stm32f4xx_syscfg.o(.rev16_text), (4 bytes).
    Removing stm32f4xx_syscfg.o(.revsh_text), (4 bytes).
    Removing stm32f4xx_syscfg.o(i.SYSCFG_CompensationCellCmd), (12 bytes).
    Removing stm32f4xx_syscfg.o(i.SYSCFG_DeInit), (22 bytes).
    Removing stm32f4xx_syscfg.o(i.SYSCFG_ETH_MediaInterfaceConfig), (12 bytes).
    Removing stm32f4xx_syscfg.o(i.SYSCFG_GetCompensationCellStatus), (24 bytes).
    Removing stm32f4xx_syscfg.o(i.SYSCFG_MemoryRemapConfig), (12 bytes).
    Removing stm32f4xx_syscfg.o(i.SYSCFG_MemorySwappingBank), (12 bytes).
    Removing stm32f4xx_tim.o(.rev16_text), (4 bytes).
    Removing stm32f4xx_tim.o(.revsh_text), (4 bytes).
    Removing stm32f4xx_tim.o(i.TI1_Config), (58 bytes).
    Removing stm32f4xx_tim.o(i.TI2_Config), (80 bytes).
    Removing stm32f4xx_tim.o(i.TI3_Config), (72 bytes).
    Removing stm32f4xx_tim.o(i.TI4_Config), (80 bytes).
    Removing stm32f4xx_tim.o(i.TIM_BDTRConfig), (32 bytes).
    Removing stm32f4xx_tim.o(i.TIM_BDTRStructInit), (18 bytes).
    Removing stm32f4xx_tim.o(i.TIM_CCPreloadControl), (24 bytes).
    Removing stm32f4xx_tim.o(i.TIM_CCxCmd), (30 bytes).
    Removing stm32f4xx_tim.o(i.TIM_CCxNCmd), (30 bytes).
    Removing stm32f4xx_tim.o(i.TIM_ClearFlag), (6 bytes).
    Removing stm32f4xx_tim.o(i.TIM_ClearOC1Ref), (18 bytes).
    Removing stm32f4xx_tim.o(i.TIM_ClearOC2Ref), (24 bytes).
    Removing stm32f4xx_tim.o(i.TIM_ClearOC3Ref), (18 bytes).
    Removing stm32f4xx_tim.o(i.TIM_ClearOC4Ref), (24 bytes).
    Removing stm32f4xx_tim.o(i.TIM_CounterModeConfig), (18 bytes).
    Removing stm32f4xx_tim.o(i.TIM_DMACmd), (18 bytes).
    Removing stm32f4xx_tim.o(i.TIM_DMAConfig), (10 bytes).
    Removing stm32f4xx_tim.o(i.TIM_ETRClockMode1Config), (54 bytes).
    Removing stm32f4xx_tim.o(i.TIM_ETRClockMode2Config), (32 bytes).
    Removing stm32f4xx_tim.o(i.TIM_ETRConfig), (28 bytes).
    Removing stm32f4xx_tim.o(i.TIM_EncoderInterfaceConfig), (66 bytes).
    Removing stm32f4xx_tim.o(i.TIM_ForcedOC1Config), (18 bytes).
    Removing stm32f4xx_tim.o(i.TIM_ForcedOC2Config), (26 bytes).
    Removing stm32f4xx_tim.o(i.TIM_ForcedOC3Config), (18 bytes).
    Removing stm32f4xx_tim.o(i.TIM_ForcedOC4Config), (26 bytes).
    Removing stm32f4xx_tim.o(i.TIM_GenerateEvent), (4 bytes).
    Removing stm32f4xx_tim.o(i.TIM_GetCapture1), (6 bytes).
    Removing stm32f4xx_tim.o(i.TIM_GetCapture2), (6 bytes).
    Removing stm32f4xx_tim.o(i.TIM_GetCapture3), (6 bytes).
    Removing stm32f4xx_tim.o(i.TIM_GetCapture4), (6 bytes).
    Removing stm32f4xx_tim.o(i.TIM_GetCounter), (6 bytes).
    Removing stm32f4xx_tim.o(i.TIM_GetFlagStatus), (18 bytes).
    Removing stm32f4xx_tim.o(i.TIM_GetITStatus), (34 bytes).
    Removing stm32f4xx_tim.o(i.TIM_GetPrescaler), (6 bytes).
    Removing stm32f4xx_tim.o(i.TIM_ICInit), (110 bytes).
    Removing stm32f4xx_tim.o(i.TIM_ICStructInit), (18 bytes).
    Removing stm32f4xx_tim.o(i.TIM_ITConfig), (18 bytes).
    Removing stm32f4xx_tim.o(i.TIM_ITRxExternalClockConfig), (24 bytes).
    Removing stm32f4xx_tim.o(i.TIM_InternalClockConfig), (12 bytes).
    Removing stm32f4xx_tim.o(i.TIM_OC1FastConfig), (18 bytes).
    Removing stm32f4xx_tim.o(i.TIM_OC1NPolarityConfig), (18 bytes).
    Removing stm32f4xx_tim.o(i.TIM_OC1PolarityConfig), (18 bytes).
    Removing stm32f4xx_tim.o(i.TIM_OC1PreloadConfig), (18 bytes).
    Removing stm32f4xx_tim.o(i.TIM_OC2FastConfig), (26 bytes).
    Removing stm32f4xx_tim.o(i.TIM_OC2Init), (164 bytes).
    Removing stm32f4xx_tim.o(i.TIM_OC2NPolarityConfig), (26 bytes).
    Removing stm32f4xx_tim.o(i.TIM_OC2PolarityConfig), (26 bytes).
    Removing stm32f4xx_tim.o(i.TIM_OC2PreloadConfig), (26 bytes).
    Removing stm32f4xx_tim.o(i.TIM_OC3FastConfig), (18 bytes).
    Removing stm32f4xx_tim.o(i.TIM_OC3NPolarityConfig), (26 bytes).
    Removing stm32f4xx_tim.o(i.TIM_OC3PolarityConfig), (26 bytes).
    Removing stm32f4xx_tim.o(i.TIM_OC4FastConfig), (26 bytes).
    Removing stm32f4xx_tim.o(i.TIM_OC4Init), (120 bytes).
    Removing stm32f4xx_tim.o(i.TIM_OC4PolarityConfig), (26 bytes).
    Removing stm32f4xx_tim.o(i.TIM_OC4PreloadConfig), (26 bytes).
    Removing stm32f4xx_tim.o(i.TIM_OCStructInit), (20 bytes).
    Removing stm32f4xx_tim.o(i.TIM_PWMIConfig), (124 bytes).
    Removing stm32f4xx_tim.o(i.TIM_PrescalerConfig), (6 bytes).
    Removing stm32f4xx_tim.o(i.TIM_RemapConfig), (6 bytes).
    Removing stm32f4xx_tim.o(i.TIM_SelectCCDMA), (24 bytes).
    Removing stm32f4xx_tim.o(i.TIM_SelectCOM), (24 bytes).
    Removing stm32f4xx_tim.o(i.TIM_SelectHallSensor), (24 bytes).
    Removing stm32f4xx_tim.o(i.TIM_SelectInputTrigger), (18 bytes).
    Removing stm32f4xx_tim.o(i.TIM_SelectMasterSlaveMode), (18 bytes).
    Removing stm32f4xx_tim.o(i.TIM_SelectOCxM), (86 bytes).
    Removing stm32f4xx_tim.o(i.TIM_SelectOnePulseMode), (18 bytes).
    Removing stm32f4xx_tim.o(i.TIM_SelectOutputTrigger), (18 bytes).
    Removing stm32f4xx_tim.o(i.TIM_SelectSlaveMode), (18 bytes).
    Removing stm32f4xx_tim.o(i.TIM_SetAutoreload), (4 bytes).
    Removing stm32f4xx_tim.o(i.TIM_SetClockDivision), (18 bytes).
    Removing stm32f4xx_tim.o(i.TIM_SetCompare2), (4 bytes).
    Removing stm32f4xx_tim.o(i.TIM_SetCompare4), (4 bytes).
    Removing stm32f4xx_tim.o(i.TIM_SetCounter), (4 bytes).
    Removing stm32f4xx_tim.o(i.TIM_SetIC1Prescaler), (18 bytes).
    Removing stm32f4xx_tim.o(i.TIM_SetIC2Prescaler), (26 bytes).
    Removing stm32f4xx_tim.o(i.TIM_SetIC3Prescaler), (18 bytes).
    Removing stm32f4xx_tim.o(i.TIM_SetIC4Prescaler), (26 bytes).
    Removing stm32f4xx_tim.o(i.TIM_TIxExternalClockConfig), (62 bytes).
    Removing stm32f4xx_tim.o(i.TIM_TimeBaseStructInit), (18 bytes).
    Removing stm32f4xx_tim.o(i.TIM_UpdateDisableConfig), (24 bytes).
    Removing stm32f4xx_tim.o(i.TIM_UpdateRequestConfig), (24 bytes).
    Removing stm32f4xx_usart.o(.rev16_text), (4 bytes).
    Removing stm32f4xx_usart.o(.revsh_text), (4 bytes).
    Removing stm32f4xx_usart.o(i.USART_ClearFlag), (18 bytes).
    Removing stm32f4xx_usart.o(i.USART_ClockInit), (32 bytes).
    Removing stm32f4xx_usart.o(i.USART_ClockStructInit), (12 bytes).
    Removing stm32f4xx_usart.o(i.USART_DeInit), (240 bytes).
    Removing stm32f4xx_usart.o(i.USART_GetFlagStatus), (26 bytes).
    Removing stm32f4xx_usart.o(i.USART_HalfDuplexCmd), (24 bytes).
    Removing stm32f4xx_usart.o(i.USART_IrDACmd), (24 bytes).
    Removing stm32f4xx_usart.o(i.USART_IrDAConfig), (18 bytes).
    Removing stm32f4xx_usart.o(i.USART_LINBreakDetectLengthConfig), (18 bytes).
    Removing stm32f4xx_usart.o(i.USART_LINCmd), (24 bytes).
    Removing stm32f4xx_usart.o(i.USART_OneBitMethodCmd), (24 bytes).
    Removing stm32f4xx_usart.o(i.USART_OverSampling8Cmd), (22 bytes).
    Removing stm32f4xx_usart.o(i.USART_ReceiverWakeUpCmd), (24 bytes).
    Removing stm32f4xx_usart.o(i.USART_SendBreak), (10 bytes).
    Removing stm32f4xx_usart.o(i.USART_SendData), (8 bytes).
    Removing stm32f4xx_usart.o(i.USART_SetAddress), (18 bytes).
    Removing stm32f4xx_usart.o(i.USART_SetGuardTime), (16 bytes).
    Removing stm32f4xx_usart.o(i.USART_SetPrescaler), (16 bytes).
    Removing stm32f4xx_usart.o(i.USART_SmartCardCmd), (24 bytes).
    Removing stm32f4xx_usart.o(i.USART_SmartCardNACKCmd), (24 bytes).
    Removing stm32f4xx_usart.o(i.USART_StructInit), (24 bytes).
    Removing stm32f4xx_usart.o(i.USART_WakeUpConfig), (18 bytes).
    Removing stm32f4xx_wwdg.o(.rev16_text), (4 bytes).
    Removing stm32f4xx_wwdg.o(.revsh_text), (4 bytes).
    Removing stm32f4xx_wwdg.o(i.WWDG_ClearFlag), (12 bytes).
    Removing stm32f4xx_wwdg.o(i.WWDG_DeInit), (22 bytes).
    Removing stm32f4xx_wwdg.o(i.WWDG_Enable), (16 bytes).
    Removing stm32f4xx_wwdg.o(i.WWDG_EnableIT), (12 bytes).
    Removing stm32f4xx_wwdg.o(i.WWDG_GetFlagStatus), (20 bytes).
    Removing stm32f4xx_wwdg.o(i.WWDG_SetCounter), (16 bytes).
    Removing stm32f4xx_wwdg.o(i.WWDG_SetPrescaler), (24 bytes).
    Removing stm32f4xx_wwdg.o(i.WWDG_SetWindowValue), (40 bytes).
    Removing led.o(.rev16_text), (4 bytes).
    Removing led.o(.revsh_text), (4 bytes).
    Removing led.o(i.Flash_Led), (30 bytes).
    Removing led.o(i.Flow_Led), (58 bytes).
    Removing led.o(i.ToggleLed), (24 bytes).
    Removing led.o(i.my_led), (40 bytes).
    Removing led.o(i.mydelay), (18 bytes).
    Removing beep.o(.rev16_text), (4 bytes).
    Removing beep.o(.revsh_text), (4 bytes).
    Removing beep.o(i.Flash_Beep), (24 bytes).
    Removing beep.o(i.TurnOff_Beep), (20 bytes).
    Removing beep.o(i.TurnOn_Beep), (20 bytes).
    Removing dht11.o(.rev16_text), (4 bytes).
    Removing dht11.o(.revsh_text), (4 bytes).
    Removing dma.o(.rev16_text), (4 bytes).
    Removing dma.o(.revsh_text), (4 bytes).
    Removing iic.o(.rev16_text), (4 bytes).
    Removing iic.o(.revsh_text), (4 bytes).
    Removing iic.o(i.iic_get_byte_data), (112 bytes).
    Removing iic.o(i.iic_send_ack), (76 bytes).
    Removing iic_at24c02.o(.rev16_text), (4 bytes).
    Removing iic_at24c02.o(.revsh_text), (4 bytes).
    Removing iic_at24c02.o(i.AT24C02_INIT), (34 bytes).
    Removing iic_at24c02.o(i.AT24C02_READ_BYTE), (96 bytes).
    Removing iic_at24c02.o(i.AT24C02_WRITE_BYTE), (78 bytes).
    Removing iic_ssd1306_oled.o(.rev16_text), (4 bytes).
    Removing iic_ssd1306_oled.o(.revsh_text), (4 bytes).
    Removing iic_ssd1306_oled.o(i.OLed_ShowChina), (74 bytes).
    Removing interrupt.o(.rev16_text), (4 bytes).
    Removing interrupt.o(.revsh_text), (4 bytes).
    Removing key.o(.rev16_text), (4 bytes).
    Removing key.o(.revsh_text), (4 bytes).
    Removing key.o(i.Scan_Key), (88 bytes).
    Removing my_usasrt.o(.rev16_text), (4 bytes).
    Removing my_usasrt.o(.revsh_text), (4 bytes).
    Removing my_usasrt.o(i.fgetc), (28 bytes).
    Removing my_usasrt.o(i.uart2init), (168 bytes).
    Removing myadc_device.o(.rev16_text), (4 bytes).
    Removing myadc_device.o(.revsh_text), (4 bytes).
    Removing myadc_device.o(i.ADC1_get_voltage_value), (48 bytes).
    Removing myadc_device.o(i.ADC1_voltage_SENSOR_Config), (120 bytes).
    Removing pwm.o(.rev16_text), (4 bytes).
    Removing pwm.o(.revsh_text), (4 bytes).
    Removing pwm.o(i.MOTO_LEFT), (28 bytes).
    Removing pwm.o(i.MOTO_RIGHT), (28 bytes).
    Removing pwm.o(i.TIM12_PWM_CH2_FAN_CONFIG), (2 bytes).
    Removing pwm.o(i.TIM4_PWM_CH1_MOTOR_CONFIG), (160 bytes).
    Removing spi.o(.rev16_text), (4 bytes).
    Removing spi.o(.revsh_text), (4 bytes).
    Removing spi.o(i.SPI1_Init), (168 bytes).
    Removing spi.o(i.SPI1_ReadWriteByte), (56 bytes).
    Removing spi_w25q64.o(.rev16_text), (4 bytes).
    Removing spi_w25q64.o(.revsh_text), (4 bytes).
    Removing spi_w25q64.o(i.w25q64_check_busy), (52 bytes).
    Removing spi_w25q64.o(i.w25q64_earse_chip_all), (44 bytes).
    Removing spi_w25q64.o(i.w25q64_init), (116 bytes).
    Removing spi_w25q64.o(i.w25q64_read_data), (92 bytes).
    Removing spi_w25q64.o(i.w25q64_readid), (76 bytes).
    Removing spi_w25q64.o(i.w25q64_write_page), (88 bytes).
    Removing spi_w25q64.o(i.write_enable), (32 bytes).
    Removing systick.o(.rev16_text), (4 bytes).
    Removing systick.o(.revsh_text), (4 bytes).
    Removing systick.o(i.my_delay_ms), (20 bytes).
    Removing systick.o(i.my_systick_config), (112 bytes).
    Removing timer.o(.rev16_text), (4 bytes).
    Removing timer.o(.revsh_text), (4 bytes).
    Removing timer.o(i.TIMER4_Config), (92 bytes).
    Removing system_stm32f4xx.o(.rev16_text), (4 bytes).
    Removing system_stm32f4xx.o(.revsh_text), (4 bytes).
    Removing system_stm32f4xx.o(i.SystemCoreClockUpdate), (192 bytes).
    Removing system_stm32f4xx.o(.data), (20 bytes).
    Removing user.o(.rev16_text), (4 bytes).
    Removing user.o(.revsh_text), (4 bytes).
    Removing delay.o(.rev16_text), (4 bytes).
    Removing delay.o(.revsh_text), (4 bytes).
    Removing sys.o(.rev16_text), (4 bytes).
    Removing sys.o(.revsh_text), (4 bytes).
    Removing sys.o(.emb_text), (16 bytes).
    Removing dadd.o(.text), (334 bytes).
    Removing dmul.o(.text), (228 bytes).
    Removing ddiv.o(.text), (222 bytes).
    Removing dfixul.o(.text), (48 bytes).
    Removing cdrcmple.o(.text), (48 bytes).
    Removing depilogue.o(.text), (186 bytes).

811 unused section(s) (total 36732 bytes) removed from the image.

==============================================================================

Image Symbol Table

    Local Symbols

    Symbol Name                              Value     Ov Type        Size  Object(Section)

    ../clib/../cmprslib/lz77c.c              0x00000000   Number         0  __dclz77c.o ABSOLUTE
    ../clib/microlib/division.c              0x00000000   Number         0  uldiv.o ABSOLUTE
    ../clib/microlib/division.c              0x00000000   Number         0  uidiv.o ABSOLUTE
    ../clib/microlib/init/entry.s            0x00000000   Number         0  entry2.o ABSOLUTE
    ../clib/microlib/init/entry.s            0x00000000   Number         0  entry10a.o ABSOLUTE
    ../clib/microlib/init/entry.s            0x00000000   Number         0  entry7b.o ABSOLUTE
    ../clib/microlib/init/entry.s            0x00000000   Number         0  entry11b.o ABSOLUTE
    ../clib/microlib/init/entry.s            0x00000000   Number         0  entry5.o ABSOLUTE
    ../clib/microlib/init/entry.s            0x00000000   Number         0  entry10b.o ABSOLUTE
    ../clib/microlib/init/entry.s            0x00000000   Number         0  entry.o ABSOLUTE
    ../clib/microlib/init/entry.s            0x00000000   Number         0  entry9b.o ABSOLUTE
    ../clib/microlib/init/entry.s            0x00000000   Number         0  entry7a.o ABSOLUTE
    ../clib/microlib/init/entry.s            0x00000000   Number         0  entry9a.o ABSOLUTE
    ../clib/microlib/init/entry.s            0x00000000   Number         0  entry11a.o ABSOLUTE
    ../clib/microlib/init/entry.s            0x00000000   Number         0  entry8b.o ABSOLUTE
    ../clib/microlib/init/entry.s            0x00000000   Number         0  entry8a.o ABSOLUTE
    ../clib/microlib/longlong.c              0x00000000   Number         0  llushr.o ABSOLUTE
    ../clib/microlib/longlong.c              0x00000000   Number         0  llshl.o ABSOLUTE
    ../clib/microlib/longlong.c              0x00000000   Number         0  llsshr.o ABSOLUTE
    ../clib/microlib/printf/printf.c         0x00000000   Number         0  printfb.o ABSOLUTE
    ../clib/microlib/printf/printf.c         0x00000000   Number         0  printf8.o ABSOLUTE
    ../clib/microlib/printf/printf.c         0x00000000   Number         0  printfa.o ABSOLUTE
    ../clib/microlib/printf/printf.c         0x00000000   Number         0  printf5.o ABSOLUTE
    ../clib/microlib/printf/printf.c         0x00000000   Number         0  printf4.o ABSOLUTE
    ../clib/microlib/printf/printf.c         0x00000000   Number         0  printf3.o ABSOLUTE
    ../clib/microlib/printf/printf.c         0x00000000   Number         0  printf2.o ABSOLUTE
    ../clib/microlib/printf/printf.c         0x00000000   Number         0  printf1.o ABSOLUTE
    ../clib/microlib/printf/printf.c         0x00000000   Number         0  printf0.o ABSOLUTE
    ../clib/microlib/printf/printf.c         0x00000000   Number         0  printf6.o ABSOLUTE
    ../clib/microlib/printf/printf.c         0x00000000   Number         0  printf7.o ABSOLUTE
    ../clib/microlib/printf/stubs.s          0x00000000   Number         0  stubs.o ABSOLUTE
    ../clib/microlib/stdio/streams.c         0x00000000   Number         0  stdout.o ABSOLUTE
    ../clib/microlib/string/memset.c         0x00000000   Number         0  memseta.o ABSOLUTE
    ../clib/microlib/string/strncmp.c        0x00000000   Number         0  strncmp.o ABSOLUTE
    ../clib/microlib/stubs.s                 0x00000000   Number         0  iusefp.o ABSOLUTE
    ../fplib/microlib/fpadd.c                0x00000000   Number         0  dadd.o ABSOLUTE
    ../fplib/microlib/fpdiv.c                0x00000000   Number         0  ddiv.o ABSOLUTE
    ../fplib/microlib/fpepilogue.c           0x00000000   Number         0  depilogue.o ABSOLUTE
    ../fplib/microlib/fpfix.c                0x00000000   Number         0  dfixul.o ABSOLUTE
    ../fplib/microlib/fpmul.c                0x00000000   Number         0  dmul.o ABSOLUTE
    ..\CORE\startup_stm32f40_41xxx.s         0x00000000   Number         0  startup_stm32f40_41xxx.o ABSOLUTE
    ..\FWLIB\src\misc.c                      0x00000000   Number         0  misc.o ABSOLUTE
    ..\FWLIB\src\stm32f4xx_adc.c             0x00000000   Number         0  stm32f4xx_adc.o ABSOLUTE
    ..\FWLIB\src\stm32f4xx_can.c             0x00000000   Number         0  stm32f4xx_can.o ABSOLUTE
    ..\FWLIB\src\stm32f4xx_crc.c             0x00000000   Number         0  stm32f4xx_crc.o ABSOLUTE
    ..\FWLIB\src\stm32f4xx_cryp.c            0x00000000   Number         0  stm32f4xx_cryp.o ABSOLUTE
    ..\FWLIB\src\stm32f4xx_cryp_aes.c        0x00000000   Number         0  stm32f4xx_cryp_aes.o ABSOLUTE
    ..\FWLIB\src\stm32f4xx_cryp_des.c        0x00000000   Number         0  stm32f4xx_cryp_des.o ABSOLUTE
    ..\FWLIB\src\stm32f4xx_cryp_tdes.c       0x00000000   Number         0  stm32f4xx_cryp_tdes.o ABSOLUTE
    ..\FWLIB\src\stm32f4xx_dac.c             0x00000000   Number         0  stm32f4xx_dac.o ABSOLUTE
    ..\FWLIB\src\stm32f4xx_dbgmcu.c          0x00000000   Number         0  stm32f4xx_dbgmcu.o ABSOLUTE
    ..\FWLIB\src\stm32f4xx_dcmi.c            0x00000000   Number         0  stm32f4xx_dcmi.o ABSOLUTE
    ..\FWLIB\src\stm32f4xx_dma.c             0x00000000   Number         0  stm32f4xx_dma.o ABSOLUTE
    ..\FWLIB\src\stm32f4xx_dma2d.c           0x00000000   Number         0  stm32f4xx_dma2d.o ABSOLUTE
    ..\FWLIB\src\stm32f4xx_exti.c            0x00000000   Number         0  stm32f4xx_exti.o ABSOLUTE
    ..\FWLIB\src\stm32f4xx_flash.c           0x00000000   Number         0  stm32f4xx_flash.o ABSOLUTE
    ..\FWLIB\src\stm32f4xx_flash_ramfunc.c   0x00000000   Number         0  stm32f4xx_flash_ramfunc.o ABSOLUTE
    ..\FWLIB\src\stm32f4xx_fsmc.c            0x00000000   Number         0  stm32f4xx_fsmc.o ABSOLUTE
    ..\FWLIB\src\stm32f4xx_gpio.c            0x00000000   Number         0  stm32f4xx_gpio.o ABSOLUTE
    ..\FWLIB\src\stm32f4xx_hash.c            0x00000000   Number         0  stm32f4xx_hash.o ABSOLUTE
    ..\FWLIB\src\stm32f4xx_hash_md5.c        0x00000000   Number         0  stm32f4xx_hash_md5.o ABSOLUTE
    ..\FWLIB\src\stm32f4xx_hash_sha1.c       0x00000000   Number         0  stm32f4xx_hash_sha1.o ABSOLUTE
    ..\FWLIB\src\stm32f4xx_i2c.c             0x00000000   Number         0  stm32f4xx_i2c.o ABSOLUTE
    ..\FWLIB\src\stm32f4xx_iwdg.c            0x00000000   Number         0  stm32f4xx_iwdg.o ABSOLUTE
    ..\FWLIB\src\stm32f4xx_ltdc.c            0x00000000   Number         0  stm32f4xx_ltdc.o ABSOLUTE
    ..\FWLIB\src\stm32f4xx_pwr.c             0x00000000   Number         0  stm32f4xx_pwr.o ABSOLUTE
    ..\FWLIB\src\stm32f4xx_rcc.c             0x00000000   Number         0  stm32f4xx_rcc.o ABSOLUTE
    ..\FWLIB\src\stm32f4xx_rng.c             0x00000000   Number         0  stm32f4xx_rng.o ABSOLUTE
    ..\FWLIB\src\stm32f4xx_rtc.c             0x00000000   Number         0  stm32f4xx_rtc.o ABSOLUTE
    ..\FWLIB\src\stm32f4xx_sai.c             0x00000000   Number         0  stm32f4xx_sai.o ABSOLUTE
    ..\FWLIB\src\stm32f4xx_sdio.c            0x00000000   Number         0  stm32f4xx_sdio.o ABSOLUTE
    ..\FWLIB\src\stm32f4xx_spi.c             0x00000000   Number         0  stm32f4xx_spi.o ABSOLUTE
    ..\FWLIB\src\stm32f4xx_syscfg.c          0x00000000   Number         0  stm32f4xx_syscfg.o ABSOLUTE
    ..\FWLIB\src\stm32f4xx_tim.c             0x00000000   Number         0  stm32f4xx_tim.o ABSOLUTE
    ..\FWLIB\src\stm32f4xx_usart.c           0x00000000   Number         0  stm32f4xx_usart.o ABSOLUTE
    ..\FWLIB\src\stm32f4xx_wwdg.c            0x00000000   Number         0  stm32f4xx_wwdg.o ABSOLUTE
    ..\HARDWARE\DHT11.c                      0x00000000   Number         0  dht11.o ABSOLUTE
    ..\HARDWARE\I2C.c                        0x00000000   Number         0  i2c.o ABSOLUTE
    ..\HARDWARE\KEY.c                        0x00000000   Number         0  key.o ABSOLUTE
    ..\HARDWARE\LED.c                        0x00000000   Number         0  led.o ABSOLUTE
    ..\HARDWARE\SPI.c                        0x00000000   Number         0  spi.o ABSOLUTE
    ..\HARDWARE\SPI_W25Q64.c                 0x00000000   Number         0  spi_w25q64.o ABSOLUTE
    ..\HARDWARE\SYSTICK.c                    0x00000000   Number         0  systick.o ABSOLUTE
    ..\HARDWARE\TIMER.c                      0x00000000   Number         0  timer.o ABSOLUTE
    ..\HARDWARE\beep.c                       0x00000000   Number         0  beep.o ABSOLUTE
    ..\HARDWARE\dma.c                        0x00000000   Number         0  dma.o ABSOLUTE
    ..\HARDWARE\iic.c                        0x00000000   Number         0  iic.o ABSOLUTE
    ..\HARDWARE\iic_at24c02.c                0x00000000   Number         0  iic_at24c02.o ABSOLUTE
    ..\HARDWARE\iic_ssd1306_oled.c           0x00000000   Number         0  iic_ssd1306_oled.o ABSOLUTE
    ..\HARDWARE\interrupt.c                  0x00000000   Number         0  interrupt.o ABSOLUTE
    ..\HARDWARE\my_usasrt.c                  0x00000000   Number         0  my_usasrt.o ABSOLUTE
    ..\HARDWARE\myadc_device.c               0x00000000   Number         0  myadc_device.o ABSOLUTE
    ..\HARDWARE\oled.c                       0x00000000   Number         0  oled.o ABSOLUTE
    ..\HARDWARE\pwm.c                        0x00000000   Number         0  pwm.o ABSOLUTE
    ..\SYSTEM\delay\delay.c                  0x00000000   Number         0  delay.o ABSOLUTE
    ..\SYSTEM\sys\sys.c                      0x00000000   Number         0  sys.o ABSOLUTE
    ..\\FWLIB\\src\\misc.c                   0x00000000   Number         0  misc.o ABSOLUTE
    ..\\FWLIB\\src\\stm32f4xx_adc.c          0x00000000   Number         0  stm32f4xx_adc.o ABSOLUTE
    ..\\FWLIB\\src\\stm32f4xx_can.c          0x00000000   Number         0  stm32f4xx_can.o ABSOLUTE
    ..\\FWLIB\\src\\stm32f4xx_crc.c          0x00000000   Number         0  stm32f4xx_crc.o ABSOLUTE
    ..\\FWLIB\\src\\stm32f4xx_cryp.c         0x00000000   Number         0  stm32f4xx_cryp.o ABSOLUTE
    ..\\FWLIB\\src\\stm32f4xx_cryp_aes.c     0x00000000   Number         0  stm32f4xx_cryp_aes.o ABSOLUTE
    ..\\FWLIB\\src\\stm32f4xx_cryp_des.c     0x00000000   Number         0  stm32f4xx_cryp_des.o ABSOLUTE
    ..\\FWLIB\\src\\stm32f4xx_cryp_tdes.c    0x00000000   Number         0  stm32f4xx_cryp_tdes.o ABSOLUTE
    ..\\FWLIB\\src\\stm32f4xx_dac.c          0x00000000   Number         0  stm32f4xx_dac.o ABSOLUTE
    ..\\FWLIB\\src\\stm32f4xx_dbgmcu.c       0x00000000   Number         0  stm32f4xx_dbgmcu.o ABSOLUTE
    ..\\FWLIB\\src\\stm32f4xx_dcmi.c         0x00000000   Number         0  stm32f4xx_dcmi.o ABSOLUTE
    ..\\FWLIB\\src\\stm32f4xx_dma.c          0x00000000   Number         0  stm32f4xx_dma.o ABSOLUTE
    ..\\FWLIB\\src\\stm32f4xx_dma2d.c        0x00000000   Number         0  stm32f4xx_dma2d.o ABSOLUTE
    ..\\FWLIB\\src\\stm32f4xx_exti.c         0x00000000   Number         0  stm32f4xx_exti.o ABSOLUTE
    ..\\FWLIB\\src\\stm32f4xx_flash.c        0x00000000   Number         0  stm32f4xx_flash.o ABSOLUTE
    ..\\FWLIB\\src\\stm32f4xx_flash_ramfunc.c 0x00000000   Number         0  stm32f4xx_flash_ramfunc.o ABSOLUTE
    ..\\FWLIB\\src\\stm32f4xx_fsmc.c         0x00000000   Number         0  stm32f4xx_fsmc.o ABSOLUTE
    ..\\FWLIB\\src\\stm32f4xx_gpio.c         0x00000000   Number         0  stm32f4xx_gpio.o ABSOLUTE
    ..\\FWLIB\\src\\stm32f4xx_hash.c         0x00000000   Number         0  stm32f4xx_hash.o ABSOLUTE
    ..\\FWLIB\\src\\stm32f4xx_hash_md5.c     0x00000000   Number         0  stm32f4xx_hash_md5.o ABSOLUTE
    ..\\FWLIB\\src\\stm32f4xx_hash_sha1.c    0x00000000   Number         0  stm32f4xx_hash_sha1.o ABSOLUTE
    ..\\FWLIB\\src\\stm32f4xx_i2c.c          0x00000000   Number         0  stm32f4xx_i2c.o ABSOLUTE
    ..\\FWLIB\\src\\stm32f4xx_iwdg.c         0x00000000   Number         0  stm32f4xx_iwdg.o ABSOLUTE
    ..\\FWLIB\\src\\stm32f4xx_ltdc.c         0x00000000   Number         0  stm32f4xx_ltdc.o ABSOLUTE
    ..\\FWLIB\\src\\stm32f4xx_pwr.c          0x00000000   Number         0  stm32f4xx_pwr.o ABSOLUTE
    ..\\FWLIB\\src\\stm32f4xx_rcc.c          0x00000000   Number         0  stm32f4xx_rcc.o ABSOLUTE
    ..\\FWLIB\\src\\stm32f4xx_rng.c          0x00000000   Number         0  stm32f4xx_rng.o ABSOLUTE
    ..\\FWLIB\\src\\stm32f4xx_rtc.c          0x00000000   Number         0  stm32f4xx_rtc.o ABSOLUTE
    ..\\FWLIB\\src\\stm32f4xx_sai.c          0x00000000   Number         0  stm32f4xx_sai.o ABSOLUTE
    ..\\FWLIB\\src\\stm32f4xx_sdio.c         0x00000000   Number         0  stm32f4xx_sdio.o ABSOLUTE
    ..\\FWLIB\\src\\stm32f4xx_spi.c          0x00000000   Number         0  stm32f4xx_spi.o ABSOLUTE
    ..\\FWLIB\\src\\stm32f4xx_syscfg.c       0x00000000   Number         0  stm32f4xx_syscfg.o ABSOLUTE
    ..\\FWLIB\\src\\stm32f4xx_tim.c          0x00000000   Number         0  stm32f4xx_tim.o ABSOLUTE
    ..\\FWLIB\\src\\stm32f4xx_usart.c        0x00000000   Number         0  stm32f4xx_usart.o ABSOLUTE
    ..\\FWLIB\\src\\stm32f4xx_wwdg.c         0x00000000   Number         0  stm32f4xx_wwdg.o ABSOLUTE
    ..\\HARDWARE\\DHT11.c                    0x00000000   Number         0  dht11.o ABSOLUTE
    ..\\HARDWARE\\KEY.c                      0x00000000   Number         0  key.o ABSOLUTE
    ..\\HARDWARE\\LED.c                      0x00000000   Number         0  led.o ABSOLUTE
    ..\\HARDWARE\\SPI.c                      0x00000000   Number         0  spi.o ABSOLUTE
    ..\\HARDWARE\\SPI_W25Q64.c               0x00000000   Number         0  spi_w25q64.o ABSOLUTE
    ..\\HARDWARE\\SYSTICK.c                  0x00000000   Number         0  systick.o ABSOLUTE
    ..\\HARDWARE\\TIMER.c                    0x00000000   Number         0  timer.o ABSOLUTE
    ..\\HARDWARE\\beep.c                     0x00000000   Number         0  beep.o ABSOLUTE
    ..\\HARDWARE\\dma.c                      0x00000000   Number         0  dma.o ABSOLUTE
    ..\\HARDWARE\\iic.c                      0x00000000   Number         0  iic.o ABSOLUTE
    ..\\HARDWARE\\iic_at24c02.c              0x00000000   Number         0  iic_at24c02.o ABSOLUTE
    ..\\HARDWARE\\iic_ssd1306_oled.c         0x00000000   Number         0  iic_ssd1306_oled.o ABSOLUTE
    ..\\HARDWARE\\interrupt.c                0x00000000   Number         0  interrupt.o ABSOLUTE
    ..\\HARDWARE\\my_usasrt.c                0x00000000   Number         0  my_usasrt.o ABSOLUTE
    ..\\HARDWARE\\myadc_device.c             0x00000000   Number         0  myadc_device.o ABSOLUTE
    ..\\HARDWARE\\pwm.c                      0x00000000   Number         0  pwm.o ABSOLUTE
    ..\\SYSTEM\\delay\\delay.c               0x00000000   Number         0  delay.o ABSOLUTE
    ..\\SYSTEM\\sys\\sys.c                   0x00000000   Number         0  sys.o ABSOLUTE
    cdrcmple.s                               0x00000000   Number         0  cdrcmple.o ABSOLUTE
    dc.s                                     0x00000000   Number         0  dc.o ABSOLUTE
    handlers.s                               0x00000000   Number         0  handlers.o ABSOLUTE
    init.s                                   0x00000000   Number         0  init.o ABSOLUTE
    system_stm32f4xx.c                       0x00000000   Number         0  system_stm32f4xx.o ABSOLUTE
    system_stm32f4xx.c                       0x00000000   Number         0  system_stm32f4xx.o ABSOLUTE
    user.c                                   0x00000000   Number         0  user.o ABSOLUTE
    user.c                                   0x00000000   Number         0  user.o ABSOLUTE
    RESET                                    0x08000000   Section      392  startup_stm32f40_41xxx.o(RESET)
    .ARM.Collect$$$$00000000                 0x08000188   Section        0  entry.o(.ARM.Collect$$$$00000000)
    .ARM.Collect$$$$00000001                 0x08000188   Section        4  entry2.o(.ARM.Collect$$$$00000001)
    .ARM.Collect$$$$00000004                 0x0800018c   Section        4  entry5.o(.ARM.Collect$$$$00000004)
    .ARM.Collect$$$$00000008                 0x08000190   Section        0  entry7b.o(.ARM.Collect$$$$00000008)
    .ARM.Collect$$$$0000000A                 0x08000190   Section        0  entry8b.o(.ARM.Collect$$$$0000000A)
    .ARM.Collect$$$$0000000B                 0x08000190   Section        8  entry9a.o(.ARM.Collect$$$$0000000B)
    .ARM.Collect$$$$0000000D                 0x08000198   Section        0  entry10a.o(.ARM.Collect$$$$0000000D)
    .ARM.Collect$$$$0000000F                 0x08000198   Section        0  entry11a.o(.ARM.Collect$$$$0000000F)
    .ARM.Collect$$$$00002712                 0x08000198   Section        4  entry2.o(.ARM.Collect$$$$00002712)
    __lit__00000000                          0x08000198   Data           4  entry2.o(.ARM.Collect$$$$00002712)
    .text                                    0x0800019c   Section       36  startup_stm32f40_41xxx.o(.text)
    $v0                                      0x0800019c   Number         0  startup_stm32f40_41xxx.o(.text)
    .text                                    0x080001c0   Section        0  memseta.o(.text)
    .text                                    0x080001e4   Section        0  strncmp.o(.text)
    .text                                    0x08000202   Section        0  uidiv.o(.text)
    .text                                    0x08000230   Section       36  init.o(.text)
    .text                                    0x08000254   Section        0  __dclz77c.o(.text)
    i.ADC1_LIGHT_SENSOR_Config               0x080002b4   Section        0  myadc_device.o(i.ADC1_LIGHT_SENSOR_Config)
    i.ADC1_get_light_Average_value           0x0800032c   Section        0  myadc_device.o(i.ADC1_get_light_Average_value)
    i.ADC1_get_light_value                   0x08000354   Section        0  myadc_device.o(i.ADC1_get_light_value)
    i.ADC1_get_voltage_Average_value         0x08000384   Section        0  myadc_device.o(i.ADC1_get_voltage_Average_value)
    i.ADC_Cmd                                0x080003ac   Section        0  stm32f4xx_adc.o(i.ADC_Cmd)
    i.ADC_CommonInit                         0x080003c4   Section        0  stm32f4xx_adc.o(i.ADC_CommonInit)
    i.ADC_GetConversionValue                 0x080003f4   Section        0  stm32f4xx_adc.o(i.ADC_GetConversionValue)
    i.ADC_GetFlagStatus                      0x080003fc   Section        0  stm32f4xx_adc.o(i.ADC_GetFlagStatus)
    i.ADC_Init                               0x08000410   Section        0  stm32f4xx_adc.o(i.ADC_Init)
    i.ADC_RegularChannelConfig               0x08000464   Section        0  stm32f4xx_adc.o(i.ADC_RegularChannelConfig)
    i.ADC_SoftwareStartConv                  0x0800051c   Section        0  stm32f4xx_adc.o(i.ADC_SoftwareStartConv)
    i.BEEP_PWM_DRIVER                        0x08000526   Section        0  pwm.o(i.BEEP_PWM_DRIVER)
    i.Check_LightSensor_Data                 0x0800055e   Section        0  myadc_device.o(i.Check_LightSensor_Data)
    i.Check_VoltageSensor_Data               0x08000578   Section        0  myadc_device.o(i.Check_VoltageSensor_Data)
    i.Config_Beep                            0x08000594   Section        0  beep.o(i.Config_Beep)
    i.Config_Key                             0x080005d4   Section        0  key.o(i.Config_Key)
    i.Config_Led                             0x08000604   Section        0  led.o(i.Config_Led)
    i.DHT11_Config                           0x08000644   Section        0  dht11.o(i.DHT11_Config)
    i.DHT11_INMODE                           0x0800067c   Section        0  dht11.o(i.DHT11_INMODE)
    i.DHT11_OUTMODE                          0x080006a8   Section        0  dht11.o(i.DHT11_OUTMODE)
    i.DHT11_ReadData                         0x080006e0   Section        0  dht11.o(i.DHT11_ReadData)
    i.DHT11_ReadDataByte                     0x080007ac   Section        0  dht11.o(i.DHT11_ReadDataByte)
    i.DMA_ClearFlag                          0x08000814   Section        0  stm32f4xx_dma.o(i.DMA_ClearFlag)
    i.DMA_Cmd                                0x08000848   Section        0  stm32f4xx_dma.o(i.DMA_Cmd)
    i.DMA_DeInit                             0x08000860   Section        0  stm32f4xx_dma.o(i.DMA_DeInit)
    i.DMA_ENABLE                             0x080009b8   Section        0  dma.o(i.DMA_ENABLE)
    i.DMA_GetCmdStatus                       0x080009e4   Section        0  stm32f4xx_dma.o(i.DMA_GetCmdStatus)
    i.DMA_GetFlagStatus                      0x080009f8   Section        0  stm32f4xx_dma.o(i.DMA_GetFlagStatus)
    i.DMA_Init                               0x08000a3c   Section        0  stm32f4xx_dma.o(i.DMA_Init)
    i.DMA_SetCurrDataCounter                 0x08000a94   Section        0  stm32f4xx_dma.o(i.DMA_SetCurrDataCounter)
    i.EXTI9_5_IRQHandler                     0x08000a98   Section        0  interrupt.o(i.EXTI9_5_IRQHandler)
    i.EXTI_ClearITPendingBit                 0x08000ac8   Section        0  stm32f4xx_exti.o(i.EXTI_ClearITPendingBit)
    i.EXTI_Init                              0x08000ad4   Section        0  stm32f4xx_exti.o(i.EXTI_Init)
    i.GPIO_Init                              0x08000b68   Section        0  stm32f4xx_gpio.o(i.GPIO_Init)
    i.GPIO_PinAFConfig                       0x08000bf8   Section        0  stm32f4xx_gpio.o(i.GPIO_PinAFConfig)
    i.GPIO_ReadInputDataBit                  0x08000c3e   Section        0  stm32f4xx_gpio.o(i.GPIO_ReadInputDataBit)
    i.GPIO_ResetBits                         0x08000c50   Section        0  stm32f4xx_gpio.o(i.GPIO_ResetBits)
    i.GPIO_SetBits                           0x08000c54   Section        0  stm32f4xx_gpio.o(i.GPIO_SetBits)
    i.GPIO_ToggleBits                        0x08000c58   Section        0  stm32f4xx_gpio.o(i.GPIO_ToggleBits)
    i.INTERRUPT_KEY2_INIT                    0x08000c60   Section        0  interrupt.o(i.INTERRUPT_KEY2_INIT)
    i.InitOLed                               0x08000cdc   Section        0  iic_ssd1306_oled.o(i.InitOLed)
    i.MYDMA_CONFIG                           0x08000d8e   Section        0  dma.o(i.MYDMA_CONFIG)
    i.NVIC_Init                              0x08000dfc   Section        0  misc.o(i.NVIC_Init)
    i.NVIC_PriorityGroupConfig               0x08000e74   Section        0  misc.o(i.NVIC_PriorityGroupConfig)
    i.OLED_ShowString                        0x08000e88   Section        0  iic_ssd1306_oled.o(i.OLED_ShowString)
    i.OLed_Fill                              0x08000eb6   Section        0  iic_ssd1306_oled.o(i.OLed_Fill)
    i.OLed_SetPos                            0x08000ef0   Section        0  iic_ssd1306_oled.o(i.OLed_SetPos)
    i.Oled_print                             0x08000f14   Section        0  iic_ssd1306_oled.o(i.Oled_print)
    i.RCC_AHB1PeriphClockCmd                 0x08000f88   Section        0  stm32f4xx_rcc.o(i.RCC_AHB1PeriphClockCmd)
    i.RCC_APB1PeriphClockCmd                 0x08000fa8   Section        0  stm32f4xx_rcc.o(i.RCC_APB1PeriphClockCmd)
    i.RCC_APB1PeriphResetCmd                 0x08000fc8   Section        0  stm32f4xx_rcc.o(i.RCC_APB1PeriphResetCmd)
    i.RCC_APB2PeriphClockCmd                 0x08000fe8   Section        0  stm32f4xx_rcc.o(i.RCC_APB2PeriphClockCmd)
    i.RCC_APB2PeriphResetCmd                 0x08001008   Section        0  stm32f4xx_rcc.o(i.RCC_APB2PeriphResetCmd)
    i.RCC_GetClocksFreq                      0x08001028   Section        0  stm32f4xx_rcc.o(i.RCC_GetClocksFreq)
    i.SSD1306_DrawBMP                        0x08001110   Section        0  iic_ssd1306_oled.o(i.SSD1306_DrawBMP)
    i.SYSCFG_EXTILineConfig                  0x08001184   Section        0  stm32f4xx_syscfg.o(i.SYSCFG_EXTILineConfig)
    i.SetSysClock                            0x080011c4   Section        0  system_stm32f4xx.o(i.SetSysClock)
    SetSysClock                              0x080011c5   Thumb Code   220  system_stm32f4xx.o(i.SetSysClock)
    i.SysTick_CLKSourceConfig                0x080012b0   Section        0  misc.o(i.SysTick_CLKSourceConfig)
    i.SysTick_Handler                        0x080012d8   Section        0  systick.o(i.SysTick_Handler)
    i.SystemInit                             0x080012f0   Section        0  system_stm32f4xx.o(i.SystemInit)
    i.TIM1_PWM_CH1_LED_CONFIG                0x08001358   Section        0  pwm.o(i.TIM1_PWM_CH1_LED_CONFIG)
    i.TIM2_PWM_CH3_BEEP_CONFIG               0x08001400   Section        0  pwm.o(i.TIM2_PWM_CH3_BEEP_CONFIG)
    i.TIM4_IRQHandler                        0x0800149c   Section        0  timer.o(i.TIM4_IRQHandler)
    i.TIM_ARRPreloadConfig                   0x080014f4   Section        0  stm32f4xx_tim.o(i.TIM_ARRPreloadConfig)
    i.TIM_ClearITPendingBit                  0x0800150c   Section        0  stm32f4xx_tim.o(i.TIM_ClearITPendingBit)
    i.TIM_Cmd                                0x08001512   Section        0  stm32f4xx_tim.o(i.TIM_Cmd)
    i.TIM_CtrlPWMOutputs                     0x0800152a   Section        0  stm32f4xx_tim.o(i.TIM_CtrlPWMOutputs)
    i.TIM_DeInit                             0x08001548   Section        0  stm32f4xx_tim.o(i.TIM_DeInit)
    i.TIM_OC1Init                            0x080016d8   Section        0  stm32f4xx_tim.o(i.TIM_OC1Init)
    i.TIM_OC3Init                            0x08001754   Section        0  stm32f4xx_tim.o(i.TIM_OC3Init)
    i.TIM_OC3PreloadConfig                   0x080017f4   Section        0  stm32f4xx_tim.o(i.TIM_OC3PreloadConfig)
    i.TIM_SetCompare1                        0x08001806   Section        0  stm32f4xx_tim.o(i.TIM_SetCompare1)
    i.TIM_SetCompare3                        0x0800180a   Section        0  stm32f4xx_tim.o(i.TIM_SetCompare3)
    i.TIM_TimeBaseInit                       0x08001810   Section        0  stm32f4xx_tim.o(i.TIM_TimeBaseInit)
    i.TurnOff_Led                            0x08001894   Section        0  led.o(i.TurnOff_Led)
    i.TurnOn_Led                             0x080018d4   Section        0  led.o(i.TurnOn_Led)
    i.USART1_IRQHandler                      0x08001914   Section        0  my_usasrt.o(i.USART1_IRQHandler)
    i.USART2_IRQHandler                      0x08001b54   Section        0  my_usasrt.o(i.USART2_IRQHandler)
    i.USART_ClearITPendingBit                0x08001b98   Section        0  stm32f4xx_usart.o(i.USART_ClearITPendingBit)
    i.USART_Cmd                              0x08001bb6   Section        0  stm32f4xx_usart.o(i.USART_Cmd)
    i.USART_DMACmd                           0x08001bce   Section        0  stm32f4xx_usart.o(i.USART_DMACmd)
    i.USART_GetITStatus                      0x08001be0   Section        0  stm32f4xx_usart.o(i.USART_GetITStatus)
    i.USART_ITConfig                         0x08001c34   Section        0  stm32f4xx_usart.o(i.USART_ITConfig)
    i.USART_Init                             0x08001c80   Section        0  stm32f4xx_usart.o(i.USART_Init)
    i.USART_ReceiveData                      0x08001d54   Section        0  stm32f4xx_usart.o(i.USART_ReceiveData)
    i.WriteOLedCmd                           0x08001d5e   Section        0  iic_ssd1306_oled.o(i.WriteOLedCmd)
    i.WriteOLedData                          0x08001d8c   Section        0  iic_ssd1306_oled.o(i.WriteOLedData)
    i.__0printf$3                            0x08001dc0   Section        0  printf3.o(i.__0printf$3)
    i.__0sprintf$3                           0x08001de0   Section        0  printf3.o(i.__0sprintf$3)
    i.__scatterload_copy                     0x08001e08   Section       14  handlers.o(i.__scatterload_copy)
    i.__scatterload_null                     0x08001e16   Section        2  handlers.o(i.__scatterload_null)
    i.__scatterload_zeroinit                 0x08001e18   Section       14  handlers.o(i.__scatterload_zeroinit)
    i._printf_core                           0x08001e28   Section        0  printf3.o(i._printf_core)
    _printf_core                             0x08001e29   Thumb Code   436  printf3.o(i._printf_core)
    i._sputc                                 0x08001fe0   Section        0  printf3.o(i._sputc)
    _sputc                                   0x08001fe1   Thumb Code    10  printf3.o(i._sputc)
    i.delay_init                             0x08001fec   Section        0  delay.o(i.delay_init)
    i.delay_ms                               0x08002028   Section        0  delay.o(i.delay_ms)
    i.delay_us                               0x08002060   Section        0  delay.o(i.delay_us)
    i.delay_xms                              0x080020ac   Section        0  delay.o(i.delay_xms)
    i.fputc                                  0x080020f8   Section        0  my_usasrt.o(i.fputc)
    i.iic_getack                             0x08002114   Section        0  iic.o(i.iic_getack)
    i.iic_init                               0x08002164   Section        0  iic.o(i.iic_init)
    i.iic_send_byte_data                     0x08002198   Section        0  iic.o(i.iic_send_byte_data)
    i.iic_start                              0x080021fc   Section        0  iic.o(i.iic_start)
    i.iic_stop                               0x08002230   Section        0  iic.o(i.iic_stop)
    i.ledtestpwm                             0x0800226c   Section        0  pwm.o(i.ledtestpwm)
    i.main                                   0x080022a8   Section        0  user.o(i.main)
    i.my_usart1_config                       0x080025e4   Section        0  my_usasrt.o(i.my_usart1_config)
    .constdata                               0x08002698   Section     1520  iic_ssd1306_oled.o(.constdata)
    .constdata                               0x08002c88   Section       16  user.o(.constdata)
    .data                                    0x20000000   Section       16  stm32f4xx_rcc.o(.data)
    APBAHBPrescTable                         0x20000000   Data          16  stm32f4xx_rcc.o(.data)
    .data                                    0x20000010   Section        9  dht11.o(.data)
    .data                                    0x20000019   Section     3472  iic_ssd1306_oled.o(.data)
    .data                                    0x20000dac   Section        4  interrupt.o(.data)
    .data                                    0x20000db0   Section       12  my_usasrt.o(.data)
    .data                                    0x20000dbc   Section        4  systick.o(.data)
    .data                                    0x20000dc0   Section        1  timer.o(.data)
    .data                                    0x20000dc1   Section        2  user.o(.data)
    .data                                    0x20000dc4   Section        4  delay.o(.data)
    fac_us                                   0x20000dc4   Data           1  delay.o(.data)
    fac_ms                                   0x20000dc6   Data           2  delay.o(.data)
    .data                                    0x20000dc8   Section        4  stdout.o(.data)
    .bss                                     0x20000dcc   Section     8200  dma.o(.bss)
    .bss                                     0x20002dd4   Section       32  my_usasrt.o(.bss)
    STACK                                    0x20002df8   Section     1024  startup_stm32f40_41xxx.o(STACK)

    Global Symbols

    Symbol Name                              Value     Ov Type        Size  Object(Section)

    BuildAttributes$$THM_ISAv4$E$P$D$K$B$S$7EM$VFPi3$EXTD16$VFPS$VFMA$PE$A:L22UL41UL21$X:L11$S22US41US21$IEEE1$IW$USESV6$~STKCKD$USESV7$~SHL$OSPACE$ROPI$EBA8$MICROLIB$REQ8$PRES8$EABIv2 0x00000000   Number         0  anon$$obj.o ABSOLUTE
    __ARM_use_no_argv                        0x00000000   Number         0  user.o ABSOLUTE
    _printf_a                                0x00000000   Number         0  stubs.o ABSOLUTE
    _printf_c                                0x00000000   Number         0  stubs.o ABSOLUTE
    _printf_charcount                        0x00000000   Number         0  stubs.o ABSOLUTE
    _printf_d                                0x00000000   Number         0  stubs.o ABSOLUTE
    _printf_e                                0x00000000   Number         0  stubs.o ABSOLUTE
    _printf_f                                0x00000000   Number         0  stubs.o ABSOLUTE
    _printf_flags                            0x00000000   Number         0  stubs.o ABSOLUTE
    _printf_fp_dec                           0x00000000   Number         0  stubs.o ABSOLUTE
    _printf_fp_hex                           0x00000000   Number         0  stubs.o ABSOLUTE
    _printf_g                                0x00000000   Number         0  stubs.o ABSOLUTE
    _printf_i                                0x00000000   Number         0  stubs.o ABSOLUTE
    _printf_int_dec                          0x00000000   Number         0  stubs.o ABSOLUTE
    _printf_l                                0x00000000   Number         0  stubs.o ABSOLUTE
    _printf_lc                               0x00000000   Number         0  stubs.o ABSOLUTE
    _printf_ll                               0x00000000   Number         0  stubs.o ABSOLUTE
    _printf_lld                              0x00000000   Number         0  stubs.o ABSOLUTE
    _printf_lli                              0x00000000   Number         0  stubs.o ABSOLUTE
    _printf_llo                              0x00000000   Number         0  stubs.o ABSOLUTE
    _printf_llu                              0x00000000   Number         0  stubs.o ABSOLUTE
    _printf_llx                              0x00000000   Number         0  stubs.o ABSOLUTE
    _printf_longlong_dec                     0x00000000   Number         0  stubs.o ABSOLUTE
    _printf_longlong_hex                     0x00000000   Number         0  stubs.o ABSOLUTE
    _printf_longlong_oct                     0x00000000   Number         0  stubs.o ABSOLUTE
    _printf_ls                               0x00000000   Number         0  stubs.o ABSOLUTE
    _printf_mbtowc                           0x00000000   Number         0  stubs.o ABSOLUTE
    _printf_n                                0x00000000   Number         0  stubs.o ABSOLUTE
    _printf_o                                0x00000000   Number         0  stubs.o ABSOLUTE
    _printf_p                                0x00000000   Number         0  stubs.o ABSOLUTE
    _printf_percent                          0x00000000   Number         0  stubs.o ABSOLUTE
    _printf_pre_padding                      0x00000000   Number         0  stubs.o ABSOLUTE
    _printf_return_value                     0x00000000   Number         0  stubs.o ABSOLUTE
    _printf_s                                0x00000000   Number         0  stubs.o ABSOLUTE
    _printf_sizespec                         0x00000000   Number         0  stubs.o ABSOLUTE
    _printf_str                              0x00000000   Number         0  stubs.o ABSOLUTE
    _printf_truncate_signed                  0x00000000   Number         0  stubs.o ABSOLUTE
    _printf_truncate_unsigned                0x00000000   Number         0  stubs.o ABSOLUTE
    _printf_u                                0x00000000   Number         0  stubs.o ABSOLUTE
    _printf_wc                               0x00000000   Number         0  stubs.o ABSOLUTE
    _printf_wctomb                           0x00000000   Number         0  stubs.o ABSOLUTE
    _printf_widthprec                        0x00000000   Number         0  stubs.o ABSOLUTE
    _printf_x                                0x00000000   Number         0  stubs.o ABSOLUTE
    __cpp_initialize__aeabi_                  - Undefined Weak Reference
    __cxa_finalize                            - Undefined Weak Reference
    _clock_init                               - Undefined Weak Reference
    _microlib_exit                            - Undefined Weak Reference
    __Vectors_Size                           0x00000188   Number         0  startup_stm32f40_41xxx.o ABSOLUTE
    __Vectors                                0x08000000   Data           4  startup_stm32f40_41xxx.o(RESET)
    __Vectors_End                            0x08000188   Data           0  startup_stm32f40_41xxx.o(RESET)
    __main                                   0x08000189   Thumb Code     0  entry.o(.ARM.Collect$$$$00000000)
    _main_stk                                0x08000189   Thumb Code     0  entry2.o(.ARM.Collect$$$$00000001)
    _main_scatterload                        0x0800018d   Thumb Code     0  entry5.o(.ARM.Collect$$$$00000004)
    __main_after_scatterload                 0x08000191   Thumb Code     0  entry5.o(.ARM.Collect$$$$00000004)
    _main_clock                              0x08000191   Thumb Code     0  entry7b.o(.ARM.Collect$$$$00000008)
    _main_cpp_init                           0x08000191   Thumb Code     0  entry8b.o(.ARM.Collect$$$$0000000A)
    _main_init                               0x08000191   Thumb Code     0  entry9a.o(.ARM.Collect$$$$0000000B)
    __rt_final_cpp                           0x08000199   Thumb Code     0  entry10a.o(.ARM.Collect$$$$0000000D)
    __rt_final_exit                          0x08000199   Thumb Code     0  entry11a.o(.ARM.Collect$$$$0000000F)
    Reset_Handler                            0x0800019d   Thumb Code     8  startup_stm32f40_41xxx.o(.text)
    NMI_Handler                              0x080001a5   Thumb Code     2  startup_stm32f40_41xxx.o(.text)
    HardFault_Handler                        0x080001a7   Thumb Code     2  startup_stm32f40_41xxx.o(.text)
    MemManage_Handler                        0x080001a9   Thumb Code     2  startup_stm32f40_41xxx.o(.text)
    BusFault_Handler                         0x080001ab   Thumb Code     2  startup_stm32f40_41xxx.o(.text)
    UsageFault_Handler                       0x080001ad   Thumb Code     2  startup_stm32f40_41xxx.o(.text)
    SVC_Handler                              0x080001af   Thumb Code     2  startup_stm32f40_41xxx.o(.text)
    DebugMon_Handler                         0x080001b1   Thumb Code     2  startup_stm32f40_41xxx.o(.text)
    PendSV_Handler                           0x080001b3   Thumb Code     2  startup_stm32f40_41xxx.o(.text)
    ADC_IRQHandler                           0x080001b7   Thumb Code     0  startup_stm32f40_41xxx.o(.text)
    CAN1_RX0_IRQHandler                      0x080001b7   Thumb Code     0  startup_stm32f40_41xxx.o(.text)
    CAN1_RX1_IRQHandler                      0x080001b7   Thumb Code     0  startup_stm32f40_41xxx.o(.text)
    CAN1_SCE_IRQHandler                      0x080001b7   Thumb Code     0  startup_stm32f40_41xxx.o(.text)
    CAN1_TX_IRQHandler                       0x080001b7   Thumb Code     0  startup_stm32f40_41xxx.o(.text)
    CAN2_RX0_IRQHandler                      0x080001b7   Thumb Code     0  startup_stm32f40_41xxx.o(.text)
    CAN2_RX1_IRQHandler                      0x080001b7   Thumb Code     0  startup_stm32f40_41xxx.o(.text)
    CAN2_SCE_IRQHandler                      0x080001b7   Thumb Code     0  startup_stm32f40_41xxx.o(.text)
    CAN2_TX_IRQHandler                       0x080001b7   Thumb Code     0  startup_stm32f40_41xxx.o(.text)
    CRYP_IRQHandler                          0x080001b7   Thumb Code     0  startup_stm32f40_41xxx.o(.text)
    DCMI_IRQHandler                          0x080001b7   Thumb Code     0  startup_stm32f40_41xxx.o(.text)
    DMA1_Stream0_IRQHandler                  0x080001b7   Thumb Code     0  startup_stm32f40_41xxx.o(.text)
    DMA1_Stream1_IRQHandler                  0x080001b7   Thumb Code     0  startup_stm32f40_41xxx.o(.text)
    DMA1_Stream2_IRQHandler                  0x080001b7   Thumb Code     0  startup_stm32f40_41xxx.o(.text)
    DMA1_Stream3_IRQHandler                  0x080001b7   Thumb Code     0  startup_stm32f40_41xxx.o(.text)
    DMA1_Stream4_IRQHandler                  0x080001b7   Thumb Code     0  startup_stm32f40_41xxx.o(.text)
    DMA1_Stream5_IRQHandler                  0x080001b7   Thumb Code     0  startup_stm32f40_41xxx.o(.text)
    DMA1_Stream6_IRQHandler                  0x080001b7   Thumb Code     0  startup_stm32f40_41xxx.o(.text)
    DMA1_Stream7_IRQHandler                  0x080001b7   Thumb Code     0  startup_stm32f40_41xxx.o(.text)
    DMA2_Stream0_IRQHandler                  0x080001b7   Thumb Code     0  startup_stm32f40_41xxx.o(.text)
    DMA2_Stream1_IRQHandler                  0x080001b7   Thumb Code     0  startup_stm32f40_41xxx.o(.text)
    DMA2_Stream2_IRQHandler                  0x080001b7   Thumb Code     0  startup_stm32f40_41xxx.o(.text)
    DMA2_Stream3_IRQHandler                  0x080001b7   Thumb Code     0  startup_stm32f40_41xxx.o(.text)
    DMA2_Stream4_IRQHandler                  0x080001b7   Thumb Code     0  startup_stm32f40_41xxx.o(.text)
    DMA2_Stream5_IRQHandler                  0x080001b7   Thumb Code     0  startup_stm32f40_41xxx.o(.text)
    DMA2_Stream6_IRQHandler                  0x080001b7   Thumb Code     0  startup_stm32f40_41xxx.o(.text)
    DMA2_Stream7_IRQHandler                  0x080001b7   Thumb Code     0  startup_stm32f40_41xxx.o(.text)
    ETH_IRQHandler                           0x080001b7   Thumb Code     0  startup_stm32f40_41xxx.o(.text)
    ETH_WKUP_IRQHandler                      0x080001b7   Thumb Code     0  startup_stm32f40_41xxx.o(.text)
    EXTI0_IRQHandler                         0x080001b7   Thumb Code     0  startup_stm32f40_41xxx.o(.text)
    EXTI15_10_IRQHandler                     0x080001b7   Thumb Code     0  startup_stm32f40_41xxx.o(.text)
    EXTI1_IRQHandler                         0x080001b7   Thumb Code     0  startup_stm32f40_41xxx.o(.text)
    EXTI2_IRQHandler                         0x080001b7   Thumb Code     0  startup_stm32f40_41xxx.o(.text)
    EXTI3_IRQHandler                         0x080001b7   Thumb Code     0  startup_stm32f40_41xxx.o(.text)
    EXTI4_IRQHandler                         0x080001b7   Thumb Code     0  startup_stm32f40_41xxx.o(.text)
    FLASH_IRQHandler                         0x080001b7   Thumb Code     0  startup_stm32f40_41xxx.o(.text)
    FPU_IRQHandler                           0x080001b7   Thumb Code     0  startup_stm32f40_41xxx.o(.text)
    FSMC_IRQHandler                          0x080001b7   Thumb Code     0  startup_stm32f40_41xxx.o(.text)
    HASH_RNG_IRQHandler                      0x080001b7   Thumb Code     0  startup_stm32f40_41xxx.o(.text)
    I2C1_ER_IRQHandler                       0x080001b7   Thumb Code     0  startup_stm32f40_41xxx.o(.text)
    I2C1_EV_IRQHandler                       0x080001b7   Thumb Code     0  startup_stm32f40_41xxx.o(.text)
    I2C2_ER_IRQHandler                       0x080001b7   Thumb Code     0  startup_stm32f40_41xxx.o(.text)
    I2C2_EV_IRQHandler                       0x080001b7   Thumb Code     0  startup_stm32f40_41xxx.o(.text)
    I2C3_ER_IRQHandler                       0x080001b7   Thumb Code     0  startup_stm32f40_41xxx.o(.text)
    I2C3_EV_IRQHandler                       0x080001b7   Thumb Code     0  startup_stm32f40_41xxx.o(.text)
    OTG_FS_IRQHandler                        0x080001b7   Thumb Code     0  startup_stm32f40_41xxx.o(.text)
    OTG_FS_WKUP_IRQHandler                   0x080001b7   Thumb Code     0  startup_stm32f40_41xxx.o(.text)
    OTG_HS_EP1_IN_IRQHandler                 0x080001b7   Thumb Code     0  startup_stm32f40_41xxx.o(.text)
    OTG_HS_EP1_OUT_IRQHandler                0x080001b7   Thumb Code     0  startup_stm32f40_41xxx.o(.text)
    OTG_HS_IRQHandler                        0x080001b7   Thumb Code     0  startup_stm32f40_41xxx.o(.text)
    OTG_HS_WKUP_IRQHandler                   0x080001b7   Thumb Code     0  startup_stm32f40_41xxx.o(.text)
    PVD_IRQHandler                           0x080001b7   Thumb Code     0  startup_stm32f40_41xxx.o(.text)
    RCC_IRQHandler                           0x080001b7   Thumb Code     0  startup_stm32f40_41xxx.o(.text)
    RTC_Alarm_IRQHandler                     0x080001b7   Thumb Code     0  startup_stm32f40_41xxx.o(.text)
    RTC_WKUP_IRQHandler                      0x080001b7   Thumb Code     0  startup_stm32f40_41xxx.o(.text)
    SDIO_IRQHandler                          0x080001b7   Thumb Code     0  startup_stm32f40_41xxx.o(.text)
    SPI1_IRQHandler                          0x080001b7   Thumb Code     0  startup_stm32f40_41xxx.o(.text)
    SPI2_IRQHandler                          0x080001b7   Thumb Code     0  startup_stm32f40_41xxx.o(.text)
    SPI3_IRQHandler                          0x080001b7   Thumb Code     0  startup_stm32f40_41xxx.o(.text)
    TAMP_STAMP_IRQHandler                    0x080001b7   Thumb Code     0  startup_stm32f40_41xxx.o(.text)
    TIM1_BRK_TIM9_IRQHandler                 0x080001b7   Thumb Code     0  startup_stm32f40_41xxx.o(.text)
    TIM1_CC_IRQHandler                       0x080001b7   Thumb Code     0  startup_stm32f40_41xxx.o(.text)
    TIM1_TRG_COM_TIM11_IRQHandler            0x080001b7   Thumb Code     0  startup_stm32f40_41xxx.o(.text)
    TIM1_UP_TIM10_IRQHandler                 0x080001b7   Thumb Code     0  startup_stm32f40_41xxx.o(.text)
    TIM2_IRQHandler                          0x080001b7   Thumb Code     0  startup_stm32f40_41xxx.o(.text)
    TIM3_IRQHandler                          0x080001b7   Thumb Code     0  startup_stm32f40_41xxx.o(.text)
    TIM5_IRQHandler                          0x080001b7   Thumb Code     0  startup_stm32f40_41xxx.o(.text)
    TIM6_DAC_IRQHandler                      0x080001b7   Thumb Code     0  startup_stm32f40_41xxx.o(.text)
    TIM7_IRQHandler                          0x080001b7   Thumb Code     0  startup_stm32f40_41xxx.o(.text)
    TIM8_BRK_TIM12_IRQHandler                0x080001b7   Thumb Code     0  startup_stm32f40_41xxx.o(.text)
    TIM8_CC_IRQHandler                       0x080001b7   Thumb Code     0  startup_stm32f40_41xxx.o(.text)
    TIM8_TRG_COM_TIM14_IRQHandler            0x080001b7   Thumb Code     0  startup_stm32f40_41xxx.o(.text)
    TIM8_UP_TIM13_IRQHandler                 0x080001b7   Thumb Code     0  startup_stm32f40_41xxx.o(.text)
    UART4_IRQHandler                         0x080001b7   Thumb Code     0  startup_stm32f40_41xxx.o(.text)
    UART5_IRQHandler                         0x080001b7   Thumb Code     0  startup_stm32f40_41xxx.o(.text)
    USART3_IRQHandler                        0x080001b7   Thumb Code     0  startup_stm32f40_41xxx.o(.text)
    USART6_IRQHandler                        0x080001b7   Thumb Code     0  startup_stm32f40_41xxx.o(.text)
    WWDG_IRQHandler                          0x080001b7   Thumb Code     0  startup_stm32f40_41xxx.o(.text)
    __aeabi_memset                           0x080001c1   Thumb Code    14  memseta.o(.text)
    __aeabi_memset4                          0x080001c1   Thumb Code     0  memseta.o(.text)
    __aeabi_memset8                          0x080001c1   Thumb Code     0  memseta.o(.text)
    __aeabi_memclr                           0x080001cf   Thumb Code     4  memseta.o(.text)
    __aeabi_memclr4                          0x080001cf   Thumb Code     0  memseta.o(.text)
    __aeabi_memclr8                          0x080001cf   Thumb Code     0  memseta.o(.text)
    _memset$wrapper                          0x080001d3   Thumb Code    18  memseta.o(.text)
    strncmp                                  0x080001e5   Thumb Code    30  strncmp.o(.text)
    __aeabi_uidiv                            0x08000203   Thumb Code     0  uidiv.o(.text)
    __aeabi_uidivmod                         0x08000203   Thumb Code    44  uidiv.o(.text)
    __scatterload                            0x08000231   Thumb Code    28  init.o(.text)
    __scatterload_rt2                        0x08000231   Thumb Code     0  init.o(.text)
    __decompress                             0x08000255   Thumb Code     0  __dclz77c.o(.text)
    __decompress2                            0x08000255   Thumb Code    94  __dclz77c.o(.text)
    ADC1_LIGHT_SENSOR_Config                 0x080002b5   Thumb Code   110  myadc_device.o(i.ADC1_LIGHT_SENSOR_Config)
    ADC1_get_light_Average_value             0x0800032d   Thumb Code    40  myadc_device.o(i.ADC1_get_light_Average_value)
    ADC1_get_light_value                     0x08000355   Thumb Code    42  myadc_device.o(i.ADC1_get_light_value)
    ADC1_get_voltage_Average_value           0x08000385   Thumb Code    40  myadc_device.o(i.ADC1_get_voltage_Average_value)
    ADC_Cmd                                  0x080003ad   Thumb Code    22  stm32f4xx_adc.o(i.ADC_Cmd)
    ADC_CommonInit                           0x080003c5   Thumb Code    34  stm32f4xx_adc.o(i.ADC_CommonInit)
    ADC_GetConversionValue                   0x080003f5   Thumb Code     8  stm32f4xx_adc.o(i.ADC_GetConversionValue)
    ADC_GetFlagStatus                        0x080003fd   Thumb Code    18  stm32f4xx_adc.o(i.ADC_GetFlagStatus)
    ADC_Init                                 0x08000411   Thumb Code    74  stm32f4xx_adc.o(i.ADC_Init)
    ADC_RegularChannelConfig                 0x08000465   Thumb Code   184  stm32f4xx_adc.o(i.ADC_RegularChannelConfig)
    ADC_SoftwareStartConv                    0x0800051d   Thumb Code    10  stm32f4xx_adc.o(i.ADC_SoftwareStartConv)
    BEEP_PWM_DRIVER                          0x08000527   Thumb Code    56  pwm.o(i.BEEP_PWM_DRIVER)
    Check_LightSensor_Data                   0x0800055f   Thumb Code    26  myadc_device.o(i.Check_LightSensor_Data)
    Check_VoltageSensor_Data                 0x08000579   Thumb Code    26  myadc_device.o(i.Check_VoltageSensor_Data)
    Config_Beep                              0x08000595   Thumb Code    60  beep.o(i.Config_Beep)
    Config_Key                               0x080005d5   Thumb Code    42  key.o(i.Config_Key)
    Config_Led                               0x08000605   Thumb Code    60  led.o(i.Config_Led)
    DHT11_Config                             0x08000645   Thumb Code    52  dht11.o(i.DHT11_Config)
    DHT11_INMODE                             0x0800067d   Thumb Code    38  dht11.o(i.DHT11_INMODE)
    DHT11_OUTMODE                            0x080006a9   Thumb Code    52  dht11.o(i.DHT11_OUTMODE)
    DHT11_ReadData                           0x080006e1   Thumb Code   188  dht11.o(i.DHT11_ReadData)
    DHT11_ReadDataByte                       0x080007ad   Thumb Code    98  dht11.o(i.DHT11_ReadDataByte)
    DMA_ClearFlag                            0x08000815   Thumb Code    38  stm32f4xx_dma.o(i.DMA_ClearFlag)
    DMA_Cmd                                  0x08000849   Thumb Code    22  stm32f4xx_dma.o(i.DMA_Cmd)
    DMA_DeInit                               0x08000861   Thumb Code   324  stm32f4xx_dma.o(i.DMA_DeInit)
    DMA_ENABLE                               0x080009b9   Thumb Code    44  dma.o(i.DMA_ENABLE)
    DMA_GetCmdStatus                         0x080009e5   Thumb Code    20  stm32f4xx_dma.o(i.DMA_GetCmdStatus)
    DMA_GetFlagStatus                        0x080009f9   Thumb Code    54  stm32f4xx_dma.o(i.DMA_GetFlagStatus)
    DMA_Init                                 0x08000a3d   Thumb Code    82  stm32f4xx_dma.o(i.DMA_Init)
    DMA_SetCurrDataCounter                   0x08000a95   Thumb Code     4  stm32f4xx_dma.o(i.DMA_SetCurrDataCounter)
    EXTI9_5_IRQHandler                       0x08000a99   Thumb Code    40  interrupt.o(i.EXTI9_5_IRQHandler)
    EXTI_ClearITPendingBit                   0x08000ac9   Thumb Code     6  stm32f4xx_exti.o(i.EXTI_ClearITPendingBit)
    EXTI_Init                                0x08000ad5   Thumb Code   142  stm32f4xx_exti.o(i.EXTI_Init)
    GPIO_Init                                0x08000b69   Thumb Code   144  stm32f4xx_gpio.o(i.GPIO_Init)
    GPIO_PinAFConfig                         0x08000bf9   Thumb Code    70  stm32f4xx_gpio.o(i.GPIO_PinAFConfig)
    GPIO_ReadInputDataBit                    0x08000c3f   Thumb Code    18  stm32f4xx_gpio.o(i.GPIO_ReadInputDataBit)
    GPIO_ResetBits                           0x08000c51   Thumb Code     4  stm32f4xx_gpio.o(i.GPIO_ResetBits)
    GPIO_SetBits                             0x08000c55   Thumb Code     4  stm32f4xx_gpio.o(i.GPIO_SetBits)
    GPIO_ToggleBits                          0x08000c59   Thumb Code     8  stm32f4xx_gpio.o(i.GPIO_ToggleBits)
    INTERRUPT_KEY2_INIT                      0x08000c61   Thumb Code   118  interrupt.o(i.INTERRUPT_KEY2_INIT)
    InitOLed                                 0x08000cdd   Thumb Code   178  iic_ssd1306_oled.o(i.InitOLed)
    MYDMA_CONFIG                             0x08000d8f   Thumb Code   110  dma.o(i.MYDMA_CONFIG)
    NVIC_Init                                0x08000dfd   Thumb Code   106  misc.o(i.NVIC_Init)
    NVIC_PriorityGroupConfig                 0x08000e75   Thumb Code    10  misc.o(i.NVIC_PriorityGroupConfig)
    OLED_ShowString                          0x08000e89   Thumb Code    46  iic_ssd1306_oled.o(i.OLED_ShowString)
    OLed_Fill                                0x08000eb7   Thumb Code    58  iic_ssd1306_oled.o(i.OLed_Fill)
    OLed_SetPos                              0x08000ef1   Thumb Code    36  iic_ssd1306_oled.o(i.OLed_SetPos)
    Oled_print                               0x08000f15   Thumb Code   112  iic_ssd1306_oled.o(i.Oled_print)
    RCC_AHB1PeriphClockCmd                   0x08000f89   Thumb Code    26  stm32f4xx_rcc.o(i.RCC_AHB1PeriphClockCmd)
    RCC_APB1PeriphClockCmd                   0x08000fa9   Thumb Code    26  stm32f4xx_rcc.o(i.RCC_APB1PeriphClockCmd)
    RCC_APB1PeriphResetCmd                   0x08000fc9   Thumb Code    26  stm32f4xx_rcc.o(i.RCC_APB1PeriphResetCmd)
    RCC_APB2PeriphClockCmd                   0x08000fe9   Thumb Code    26  stm32f4xx_rcc.o(i.RCC_APB2PeriphClockCmd)
    RCC_APB2PeriphResetCmd                   0x08001009   Thumb Code    26  stm32f4xx_rcc.o(i.RCC_APB2PeriphResetCmd)
    RCC_GetClocksFreq                        0x08001029   Thumb Code   214  stm32f4xx_rcc.o(i.RCC_GetClocksFreq)
    SSD1306_DrawBMP                          0x08001111   Thumb Code   116  iic_ssd1306_oled.o(i.SSD1306_DrawBMP)
    SYSCFG_EXTILineConfig                    0x08001185   Thumb Code    60  stm32f4xx_syscfg.o(i.SYSCFG_EXTILineConfig)
    SysTick_CLKSourceConfig                  0x080012b1   Thumb Code    40  misc.o(i.SysTick_CLKSourceConfig)
    SysTick_Handler                          0x080012d9   Thumb Code    18  systick.o(i.SysTick_Handler)
    SystemInit                               0x080012f1   Thumb Code    88  system_stm32f4xx.o(i.SystemInit)
    TIM1_PWM_CH1_LED_CONFIG                  0x08001359   Thumb Code   158  pwm.o(i.TIM1_PWM_CH1_LED_CONFIG)
    TIM2_PWM_CH3_BEEP_CONFIG                 0x08001401   Thumb Code   152  pwm.o(i.TIM2_PWM_CH3_BEEP_CONFIG)
    TIM4_IRQHandler                          0x0800149d   Thumb Code    80  timer.o(i.TIM4_IRQHandler)
    TIM_ARRPreloadConfig                     0x080014f5   Thumb Code    24  stm32f4xx_tim.o(i.TIM_ARRPreloadConfig)
    TIM_ClearITPendingBit                    0x0800150d   Thumb Code     6  stm32f4xx_tim.o(i.TIM_ClearITPendingBit)
    TIM_Cmd                                  0x08001513   Thumb Code    24  stm32f4xx_tim.o(i.TIM_Cmd)
    TIM_CtrlPWMOutputs                       0x0800152b   Thumb Code    30  stm32f4xx_tim.o(i.TIM_CtrlPWMOutputs)
    TIM_DeInit                               0x08001549   Thumb Code   346  stm32f4xx_tim.o(i.TIM_DeInit)
    TIM_OC1Init                              0x080016d9   Thumb Code   114  stm32f4xx_tim.o(i.TIM_OC1Init)
    TIM_OC3Init                              0x08001755   Thumb Code   150  stm32f4xx_tim.o(i.TIM_OC3Init)
    TIM_OC3PreloadConfig                     0x080017f5   Thumb Code    18  stm32f4xx_tim.o(i.TIM_OC3PreloadConfig)
    TIM_SetCompare1                          0x08001807   Thumb Code     4  stm32f4xx_tim.o(i.TIM_SetCompare1)
    TIM_SetCompare3                          0x0800180b   Thumb Code     4  stm32f4xx_tim.o(i.TIM_SetCompare3)
    TIM_TimeBaseInit                         0x08001811   Thumb Code   104  stm32f4xx_tim.o(i.TIM_TimeBaseInit)
    TurnOff_Led                              0x08001895   Thumb Code    58  led.o(i.TurnOff_Led)
    TurnOn_Led                               0x080018d5   Thumb Code    58  led.o(i.TurnOn_Led)
    USART1_IRQHandler                        0x08001915   Thumb Code   458  my_usasrt.o(i.USART1_IRQHandler)
    USART2_IRQHandler                        0x08001b55   Thumb Code    62  my_usasrt.o(i.USART2_IRQHandler)
    USART_ClearITPendingBit                  0x08001b99   Thumb Code    30  stm32f4xx_usart.o(i.USART_ClearITPendingBit)
    USART_Cmd                                0x08001bb7   Thumb Code    24  stm32f4xx_usart.o(i.USART_Cmd)
    USART_DMACmd                             0x08001bcf   Thumb Code    18  stm32f4xx_usart.o(i.USART_DMACmd)
    USART_GetITStatus                        0x08001be1   Thumb Code    84  stm32f4xx_usart.o(i.USART_GetITStatus)
    USART_ITConfig                           0x08001c35   Thumb Code    74  stm32f4xx_usart.o(i.USART_ITConfig)
    USART_Init                               0x08001c81   Thumb Code   204  stm32f4xx_usart.o(i.USART_Init)
    USART_ReceiveData                        0x08001d55   Thumb Code    10  stm32f4xx_usart.o(i.USART_ReceiveData)
    WriteOLedCmd                             0x08001d5f   Thumb Code    46  iic_ssd1306_oled.o(i.WriteOLedCmd)
    WriteOLedData                            0x08001d8d   Thumb Code    50  iic_ssd1306_oled.o(i.WriteOLedData)
    __0printf$3                              0x08001dc1   Thumb Code    22  printf3.o(i.__0printf$3)
    __1printf$3                              0x08001dc1   Thumb Code     0  printf3.o(i.__0printf$3)
    __2printf                                0x08001dc1   Thumb Code     0  printf3.o(i.__0printf$3)
    __0sprintf$3                             0x08001de1   Thumb Code    34  printf3.o(i.__0sprintf$3)
    __1sprintf$3                             0x08001de1   Thumb Code     0  printf3.o(i.__0sprintf$3)
    __2sprintf                               0x08001de1   Thumb Code     0  printf3.o(i.__0sprintf$3)
    __scatterload_copy                       0x08001e09   Thumb Code    14  handlers.o(i.__scatterload_copy)
    __scatterload_null                       0x08001e17   Thumb Code     2  handlers.o(i.__scatterload_null)
    __scatterload_zeroinit                   0x08001e19   Thumb Code    14  handlers.o(i.__scatterload_zeroinit)
    delay_init                               0x08001fed   Thumb Code    52  delay.o(i.delay_init)
    delay_ms                                 0x08002029   Thumb Code    56  delay.o(i.delay_ms)
    delay_us                                 0x08002061   Thumb Code    72  delay.o(i.delay_us)
    delay_xms                                0x080020ad   Thumb Code    72  delay.o(i.delay_xms)
    fputc                                    0x080020f9   Thumb Code    22  my_usasrt.o(i.fputc)
    iic_getack                               0x08002115   Thumb Code    76  iic.o(i.iic_getack)
    iic_init                                 0x08002165   Thumb Code    46  iic.o(i.iic_init)
    iic_send_byte_data                       0x08002199   Thumb Code    94  iic.o(i.iic_send_byte_data)
    iic_start                                0x080021fd   Thumb Code    48  iic.o(i.iic_start)
    iic_stop                                 0x08002231   Thumb Code    54  iic.o(i.iic_stop)
    ledtestpwm                               0x0800226d   Thumb Code    56  pwm.o(i.ledtestpwm)
    main                                     0x080022a9   Thumb Code   402  user.o(i.main)
    my_usart1_config                         0x080025e5   Thumb Code   170  my_usasrt.o(i.my_usart1_config)
    F8X16                                    0x08002698   Data        1520  iic_ssd1306_oled.o(.constdata)
    Region$$Table$$Base                      0x08002c98   Number         0  anon$$obj.o(Region$$Table)
    Region$$Table$$Limit                     0x08002cb8   Number         0  anon$$obj.o(Region$$Table)
    buff                                     0x20000010   Data           5  dht11.o(.data)
    wendu                                    0x20000015   Data           2  dht11.o(.data)
    shidu                                    0x20000017   Data           2  dht11.o(.data)
    paint                                    0x20000019   Data        1024  iic_ssd1306_oled.o(.data)
    aix                                      0x20000419   Data        1152  iic_ssd1306_oled.o(.data)
    zhong                                    0x20000899   Data          32  iic_ssd1306_oled.o(.data)
    cheng                                    0x200008b9   Data          32  iic_ssd1306_oled.o(.data)
    gantan                                   0x200008d9   Data          32  iic_ssd1306_oled.o(.data)
    mou                                      0x200008f9   Data        1200  iic_ssd1306_oled.o(.data)
    Stat                                     0x20000dac   Data           4  interrupt.o(.data)
    i                                        0x20000db0   Data           1  my_usasrt.o(.data)
    flag                                     0x20000db4   Data           4  my_usasrt.o(.data)
    exitFlag                                 0x20000db8   Data           4  my_usasrt.o(.data)
    timedelay                                0x20000dbc   Data           4  systick.o(.data)
    flg                                      0x20000dc0   Data           1  timer.o(.data)
    temp                                     0x20000dc1   Data           1  user.o(.data)
    humi                                     0x20000dc2   Data           1  user.o(.data)
    __stdout                                 0x20000dc8   Data           4  stdout.o(.data)
    sendbuf                                  0x20000dcc   Data        8200  dma.o(.bss)
    res                                      0x20002dd4   Data          32  my_usasrt.o(.bss)
    __initial_sp                             0x200031f8   Data           0  startup_stm32f40_41xxx.o(STACK)



==============================================================================

Memory Map of the image

  Image Entry point : 0x08000189

  Load Region LR_IROM1 (Base: 0x08000000, Size: 0x00003a84, Max: 0x00080000, ABSOLUTE, COMPRESSED[0x0000304c])

    Execution Region ER_IROM1 (Base: 0x08000000, Size: 0x00002cb8, Max: 0x00080000, ABSOLUTE)

    Base Addr    Size         Type   Attr      Idx    E Section Name        Object

    0x08000000   0x00000188   Data   RO            3    RESET               startup_stm32f40_41xxx.o
    0x08000188   0x00000000   Code   RO         5744  * .ARM.Collect$$$$00000000  mc_w.l(entry.o)
    0x08000188   0x00000004   Code   RO         6012    .ARM.Collect$$$$00000001  mc_w.l(entry2.o)
    0x0800018c   0x00000004   Code   RO         6015    .ARM.Collect$$$$00000004  mc_w.l(entry5.o)
    0x08000190   0x00000000   Code   RO         6017    .ARM.Collect$$$$00000008  mc_w.l(entry7b.o)
    0x08000190   0x00000000   Code   RO         6019    .ARM.Collect$$$$0000000A  mc_w.l(entry8b.o)
    0x08000190   0x00000008   Code   RO         6020    .ARM.Collect$$$$0000000B  mc_w.l(entry9a.o)
    0x08000198   0x00000000   Code   RO         6022    .ARM.Collect$$$$0000000D  mc_w.l(entry10a.o)
    0x08000198   0x00000000   Code   RO         6024    .ARM.Collect$$$$0000000F  mc_w.l(entry11a.o)
    0x08000198   0x00000004   Code   RO         6013    .ARM.Collect$$$$00002712  mc_w.l(entry2.o)
    0x0800019c   0x00000024   Code   RO            4    .text               startup_stm32f40_41xxx.o
    0x080001c0   0x00000024   Code   RO         5747    .text               mc_w.l(memseta.o)
    0x080001e4   0x0000001e   Code   RO         5749    .text               mc_w.l(strncmp.o)
    0x08000202   0x0000002c   Code   RO         6027    .text               mc_w.l(uidiv.o)
    0x0800022e   0x00000002   PAD
    0x08000230   0x00000024   Code   RO         6042    .text               mc_w.l(init.o)
    0x08000254   0x0000005e   Code   RO         6060    .text               mc_w.l(__dclz77c.o)
    0x080002b2   0x00000002   PAD
    0x080002b4   0x00000078   Code   RO         5319    i.ADC1_LIGHT_SENSOR_Config  myadc_device.o
    0x0800032c   0x00000028   Code   RO         5320    i.ADC1_get_light_Average_value  myadc_device.o
    0x08000354   0x00000030   Code   RO         5321    i.ADC1_get_light_value  myadc_device.o
    0x08000384   0x00000028   Code   RO         5322    i.ADC1_get_voltage_Average_value  myadc_device.o
    0x080003ac   0x00000016   Code   RO          167    i.ADC_Cmd           stm32f4xx_adc.o
    0x080003c2   0x00000002   PAD
    0x080003c4   0x00000030   Code   RO          168    i.ADC_CommonInit    stm32f4xx_adc.o
    0x080003f4   0x00000008   Code   RO          179    i.ADC_GetConversionValue  stm32f4xx_adc.o
    0x080003fc   0x00000012   Code   RO          180    i.ADC_GetFlagStatus  stm32f4xx_adc.o
    0x0800040e   0x00000002   PAD
    0x08000410   0x00000054   Code   RO          187    i.ADC_Init          stm32f4xx_adc.o
    0x08000464   0x000000b8   Code   RO          192    i.ADC_RegularChannelConfig  stm32f4xx_adc.o
    0x0800051c   0x0000000a   Code   RO          194    i.ADC_SoftwareStartConv  stm32f4xx_adc.o
    0x08000526   0x00000038   Code   RO         5384    i.BEEP_PWM_DRIVER   pwm.o
    0x0800055e   0x0000001a   Code   RO         5325    i.Check_LightSensor_Data  myadc_device.o
    0x08000578   0x0000001a   Code   RO         5326    i.Check_VoltageSensor_Data  myadc_device.o
    0x08000592   0x00000002   PAD
    0x08000594   0x00000040   Code   RO         4929    i.Config_Beep       beep.o
    0x080005d4   0x00000030   Code   RO         5238    i.Config_Key        key.o
    0x08000604   0x00000040   Code   RO         4847    i.Config_Led        led.o
    0x08000644   0x00000038   Code   RO         4967    i.DHT11_Config      dht11.o
    0x0800067c   0x0000002c   Code   RO         4968    i.DHT11_INMODE      dht11.o
    0x080006a8   0x00000038   Code   RO         4969    i.DHT11_OUTMODE     dht11.o
    0x080006e0   0x000000cc   Code   RO         4970    i.DHT11_ReadData    dht11.o
    0x080007ac   0x00000068   Code   RO         4971    i.DHT11_ReadDataByte  dht11.o
    0x08000814   0x00000034   Code   RO         1104    i.DMA_ClearFlag     stm32f4xx_dma.o
    0x08000848   0x00000016   Code   RO         1106    i.DMA_Cmd           stm32f4xx_dma.o
    0x0800085e   0x00000002   PAD
    0x08000860   0x00000158   Code   RO         1107    i.DMA_DeInit        stm32f4xx_dma.o
    0x080009b8   0x0000002c   Code   RO         5014    i.DMA_ENABLE        dma.o
    0x080009e4   0x00000014   Code   RO         1111    i.DMA_GetCmdStatus  stm32f4xx_dma.o
    0x080009f8   0x00000044   Code   RO         1115    i.DMA_GetFlagStatus  stm32f4xx_dma.o
    0x08000a3c   0x00000058   Code   RO         1118    i.DMA_Init          stm32f4xx_dma.o
    0x08000a94   0x00000004   Code   RO         1121    i.DMA_SetCurrDataCounter  stm32f4xx_dma.o
    0x08000a98   0x00000030   Code   RO         5209    i.EXTI9_5_IRQHandler  interrupt.o
    0x08000ac8   0x0000000c   Code   RO         1364    i.EXTI_ClearITPendingBit  stm32f4xx_exti.o
    0x08000ad4   0x00000094   Code   RO         1369    i.EXTI_Init         stm32f4xx_exti.o
    0x08000b68   0x00000090   Code   RO         1840    i.GPIO_Init         stm32f4xx_gpio.o
    0x08000bf8   0x00000046   Code   RO         1841    i.GPIO_PinAFConfig  stm32f4xx_gpio.o
    0x08000c3e   0x00000012   Code   RO         1844    i.GPIO_ReadInputDataBit  stm32f4xx_gpio.o
    0x08000c50   0x00000004   Code   RO         1847    i.GPIO_ResetBits    stm32f4xx_gpio.o
    0x08000c54   0x00000004   Code   RO         1848    i.GPIO_SetBits      stm32f4xx_gpio.o
    0x08000c58   0x00000008   Code   RO         1850    i.GPIO_ToggleBits   stm32f4xx_gpio.o
    0x08000c60   0x0000007c   Code   RO         5210    i.INTERRUPT_KEY2_INIT  interrupt.o
    0x08000cdc   0x000000b2   Code   RO         5134    i.InitOLed          iic_ssd1306_oled.o
    0x08000d8e   0x0000006e   Code   RO         5015    i.MYDMA_CONFIG      dma.o
    0x08000dfc   0x00000078   Code   RO           12    i.NVIC_Init         misc.o
    0x08000e74   0x00000014   Code   RO           13    i.NVIC_PriorityGroupConfig  misc.o
    0x08000e88   0x0000002e   Code   RO         5135    i.OLED_ShowString   iic_ssd1306_oled.o
    0x08000eb6   0x0000003a   Code   RO         5136    i.OLed_Fill         iic_ssd1306_oled.o
    0x08000ef0   0x00000024   Code   RO         5137    i.OLed_SetPos       iic_ssd1306_oled.o
    0x08000f14   0x00000074   Code   RO         5139    i.Oled_print        iic_ssd1306_oled.o
    0x08000f88   0x00000020   Code   RO         2704    i.RCC_AHB1PeriphClockCmd  stm32f4xx_rcc.o
    0x08000fa8   0x00000020   Code   RO         2713    i.RCC_APB1PeriphClockCmd  stm32f4xx_rcc.o
    0x08000fc8   0x00000020   Code   RO         2715    i.RCC_APB1PeriphResetCmd  stm32f4xx_rcc.o
    0x08000fe8   0x00000020   Code   RO         2716    i.RCC_APB2PeriphClockCmd  stm32f4xx_rcc.o
    0x08001008   0x00000020   Code   RO         2718    i.RCC_APB2PeriphResetCmd  stm32f4xx_rcc.o
    0x08001028   0x000000e8   Code   RO         2725    i.RCC_GetClocksFreq  stm32f4xx_rcc.o
    0x08001110   0x00000074   Code   RO         5140    i.SSD1306_DrawBMP   iic_ssd1306_oled.o
    0x08001184   0x00000040   Code   RO         3982    i.SYSCFG_EXTILineConfig  stm32f4xx_syscfg.o
    0x080011c4   0x000000ec   Code   RO         5596    i.SetSysClock       system_stm32f4xx.o
    0x080012b0   0x00000028   Code   RO           16    i.SysTick_CLKSourceConfig  misc.o
    0x080012d8   0x00000018   Code   RO         5528    i.SysTick_Handler   systick.o
    0x080012f0   0x00000068   Code   RO         5598    i.SystemInit        system_stm32f4xx.o
    0x08001358   0x000000a8   Code   RO         5388    i.TIM1_PWM_CH1_LED_CONFIG  pwm.o
    0x08001400   0x0000009c   Code   RO         5389    i.TIM2_PWM_CH3_BEEP_CONFIG  pwm.o
    0x0800149c   0x00000058   Code   RO         5567    i.TIM4_IRQHandler   timer.o
    0x080014f4   0x00000018   Code   RO         4039    i.TIM_ARRPreloadConfig  stm32f4xx_tim.o
    0x0800150c   0x00000006   Code   RO         4046    i.TIM_ClearITPendingBit  stm32f4xx_tim.o
    0x08001512   0x00000018   Code   RO         4051    i.TIM_Cmd           stm32f4xx_tim.o
    0x0800152a   0x0000001e   Code   RO         4053    i.TIM_CtrlPWMOutputs  stm32f4xx_tim.o
    0x08001548   0x00000190   Code   RO         4056    i.TIM_DeInit        stm32f4xx_tim.o
    0x080016d8   0x0000007c   Code   RO         4080    i.TIM_OC1Init       stm32f4xx_tim.o
    0x08001754   0x000000a0   Code   RO         4090    i.TIM_OC3Init       stm32f4xx_tim.o
    0x080017f4   0x00000012   Code   RO         4093    i.TIM_OC3PreloadConfig  stm32f4xx_tim.o
    0x08001806   0x00000004   Code   RO         4113    i.TIM_SetCompare1   stm32f4xx_tim.o
    0x0800180a   0x00000004   Code   RO         4115    i.TIM_SetCompare3   stm32f4xx_tim.o
    0x0800180e   0x00000002   PAD
    0x08001810   0x00000084   Code   RO         4123    i.TIM_TimeBaseInit  stm32f4xx_tim.o
    0x08001894   0x00000040   Code   RO         4851    i.TurnOff_Led       led.o
    0x080018d4   0x00000040   Code   RO         4852    i.TurnOn_Led        led.o
    0x08001914   0x00000240   Code   RO         5264    i.USART1_IRQHandler  my_usasrt.o
    0x08001b54   0x00000044   Code   RO         5265    i.USART2_IRQHandler  my_usasrt.o
    0x08001b98   0x0000001e   Code   RO         4598    i.USART_ClearITPendingBit  stm32f4xx_usart.o
    0x08001bb6   0x00000018   Code   RO         4601    i.USART_Cmd         stm32f4xx_usart.o
    0x08001bce   0x00000012   Code   RO         4602    i.USART_DMACmd      stm32f4xx_usart.o
    0x08001be0   0x00000054   Code   RO         4605    i.USART_GetITStatus  stm32f4xx_usart.o
    0x08001c34   0x0000004a   Code   RO         4607    i.USART_ITConfig    stm32f4xx_usart.o
    0x08001c7e   0x00000002   PAD
    0x08001c80   0x000000d4   Code   RO         4608    i.USART_Init        stm32f4xx_usart.o
    0x08001d54   0x0000000a   Code   RO         4615    i.USART_ReceiveData  stm32f4xx_usart.o
    0x08001d5e   0x0000002e   Code   RO         5141    i.WriteOLedCmd      iic_ssd1306_oled.o
    0x08001d8c   0x00000032   Code   RO         5142    i.WriteOLedData     iic_ssd1306_oled.o
    0x08001dbe   0x00000002   PAD
    0x08001dc0   0x00000020   Code   RO         5840    i.__0printf$3       mc_w.l(printf3.o)
    0x08001de0   0x00000028   Code   RO         5842    i.__0sprintf$3      mc_w.l(printf3.o)
    0x08001e08   0x0000000e   Code   RO         6054    i.__scatterload_copy  mc_w.l(handlers.o)
    0x08001e16   0x00000002   Code   RO         6055    i.__scatterload_null  mc_w.l(handlers.o)
    0x08001e18   0x0000000e   Code   RO         6056    i.__scatterload_zeroinit  mc_w.l(handlers.o)
    0x08001e26   0x00000002   PAD
    0x08001e28   0x000001b8   Code   RO         5847    i._printf_core      mc_w.l(printf3.o)
    0x08001fe0   0x0000000a   Code   RO         5849    i._sputc            mc_w.l(printf3.o)
    0x08001fea   0x00000002   PAD
    0x08001fec   0x0000003c   Code   RO         5688    i.delay_init        delay.o
    0x08002028   0x00000038   Code   RO         5689    i.delay_ms          delay.o
    0x08002060   0x0000004c   Code   RO         5690    i.delay_us          delay.o
    0x080020ac   0x0000004c   Code   RO         5691    i.delay_xms         delay.o
    0x080020f8   0x0000001c   Code   RO         5267    i.fputc             my_usasrt.o
    0x08002114   0x00000050   Code   RO         5047    i.iic_getack        iic.o
    0x08002164   0x00000034   Code   RO         5048    i.iic_init          iic.o
    0x08002198   0x00000064   Code   RO         5050    i.iic_send_byte_data  iic.o
    0x080021fc   0x00000034   Code   RO         5051    i.iic_start         iic.o
    0x08002230   0x0000003c   Code   RO         5052    i.iic_stop          iic.o
    0x0800226c   0x0000003c   Code   RO         5391    i.ledtestpwm        pwm.o
    0x080022a8   0x0000033c   Code   RO         5655    i.main              user.o
    0x080025e4   0x000000b4   Code   RO         5268    i.my_usart1_config  my_usasrt.o
    0x08002698   0x000005f0   Data   RO         5143    .constdata          iic_ssd1306_oled.o
    0x08002c88   0x00000010   Data   RO         5656    .constdata          user.o
    0x08002c98   0x00000020   Data   RO         6052    Region$$Table       anon$$obj.o


    Execution Region RW_IRAM1 (Base: 0x20000000, Size: 0x000031f8, Max: 0x00020000, ABSOLUTE, COMPRESSED[0x00000394])

    Base Addr    Size         Type   Attr      Idx    E Section Name        Object

    0x20000000   0x00000010   Data   RW         2757    .data               stm32f4xx_rcc.o
    0x20000010   0x00000009   Data   RW         4972    .data               dht11.o
    0x20000019   0x00000d90   Data   RW         5144    .data               iic_ssd1306_oled.o
    0x20000da9   0x00000003   PAD
    0x20000dac   0x00000004   Data   RW         5211    .data               interrupt.o
    0x20000db0   0x0000000c   Data   RW         5271    .data               my_usasrt.o
    0x20000dbc   0x00000004   Data   RW         5531    .data               systick.o
    0x20000dc0   0x00000001   Data   RW         5569    .data               timer.o
    0x20000dc1   0x00000002   Data   RW         5657    .data               user.o
    0x20000dc3   0x00000001   PAD
    0x20000dc4   0x00000004   Data   RW         5692    .data               delay.o
    0x20000dc8   0x00000004   Data   RW         6026    .data               mc_w.l(stdout.o)
    0x20000dcc   0x00002008   Zero   RW         5016    .bss                dma.o
    0x20002dd4   0x00000020   Zero   RW         5270    .bss                my_usasrt.o
    0x20002df4   0x00000004   PAD
    0x20002df8   0x00000400   Zero   RW            1    STACK               startup_stm32f40_41xxx.o


==============================================================================

Image component sizes


      Code (inc. data)   RO Data    RW Data    ZI Data      Debug   Object Name

        64          4          0          0          0        518   beep.o
       268         16          0          4          0       2463   delay.o
       464         36          0          9          0       3535   dht11.o
       154          0          0          0       8200       1830   dma.o
       344         26          0          0          0       2660   iic.o
       646          4       1520       3472          0       6038   iic_ssd1306_oled.o
       172         14          0          4          0       1386   interrupt.o
        48          6          0          0          0        505   key.o
       192         16          0          0          0       2868   led.o
       180         24          0          0          0     312349   misc.o
       852        140          0         12         32       3479   my_usasrt.o
       300         16          0          0          0       3858   myadc_device.o
       440         18          0          0          0       2540   pwm.o
        36          8        392          0       1024        868   startup_stm32f40_41xxx.o
       374         24          0          0          0       5466   stm32f4xx_adc.o
       598         54          0          0          0       5558   stm32f4xx_dma.o
       160         12          0          0          0       1481   stm32f4xx_exti.o
       248          0          0          0          0       4029   stm32f4xx_gpio.o
       392         48          0         16          0       5777   stm32f4xx_rcc.o
        64          4          0          0          0        652   stm32f4xx_syscfg.o
       926        102          0          0          0       7393   stm32f4xx_tim.o
       452          8          0          0          0       5447   stm32f4xx_usart.o
       340         32          0          0          0     228957   system_stm32f4xx.o
        24          6          0          4          0        702   systick.o
        88          8          0          1          0        720   timer.o
       828        426         16          2          0       1183   user.o

    ----------------------------------------------------------------------
      8668       1052       1960       3528       9260     612262   Object Totals
         0          0         32          0          0          0   (incl. Generated)
        14          0          0          4          4          0   (incl. Padding)

    ----------------------------------------------------------------------

      Code (inc. data)   RO Data    RW Data    ZI Data      Debug   Library Member Name

        94          0          0          0          0          0   __dclz77c.o
         0          0          0          0          0          0   entry.o
         0          0          0          0          0          0   entry10a.o
         0          0          0          0          0          0   entry11a.o
         8          4          0          0          0          0   entry2.o
         4          0          0          0          0          0   entry5.o
         0          0          0          0          0          0   entry7b.o
         0          0          0          0          0          0   entry8b.o
         8          4          0          0          0          0   entry9a.o
        30          0          0          0          0          0   handlers.o
        36          8          0          0          0         68   init.o
        36          0          0          0          0        108   memseta.o
       522         20          0          0          0        336   printf3.o
         0          0          0          4          0          0   stdout.o
        30          0          0          0          0         80   strncmp.o
        44          0          0          0          0         80   uidiv.o

    ----------------------------------------------------------------------
       820         36          0          4          0        672   Library Totals
         8          0          0          0          0          0   (incl. Padding)

    ----------------------------------------------------------------------

      Code (inc. data)   RO Data    RW Data    ZI Data      Debug   Library Name

       812         36          0          4          0        672   mc_w.l

    ----------------------------------------------------------------------
       820         36          0          4          0        672   Library Totals

    ----------------------------------------------------------------------

==============================================================================


      Code (inc. data)   RO Data    RW Data    ZI Data      Debug   

      9488       1088       1960       3532       9260     603358   Grand Totals
      9488       1088       1960        916       9260     603358   ELF Image Totals (compressed)
      9488       1088       1960        916          0          0   ROM Totals

==============================================================================

    Total RO  Size (Code + RO Data)                11448 (  11.18kB)
    Total RW  Size (RW Data + ZI Data)             12792 (  12.49kB)
    Total ROM Size (Code + RO Data + RW Data)      12364 (  12.07kB)

==============================================================================

